Component: ARM Compiler 5.06 update 6 (build 750) Tool: armlink [4d35ed]

==============================================================================

Section Cross References

    startup_stm32f407xx.o(STACK) refers (Special) to heapauxi.o(.text) for __use_two_region_memory
    startup_stm32f407xx.o(HEAP) refers (Special) to heapauxi.o(.text) for __use_two_region_memory
    startup_stm32f407xx.o(RESET) refers (Special) to heapauxi.o(.text) for __use_two_region_memory
    startup_stm32f407xx.o(RESET) refers to startup_stm32f407xx.o(STACK) for __initial_sp
    startup_stm32f407xx.o(RESET) refers to startup_stm32f407xx.o(.text) for Reset_Handler
    startup_stm32f407xx.o(RESET) refers to stm32f4xx_it.o(i.NMI_Handler) for NMI_Handler
    startup_stm32f407xx.o(RESET) refers to stm32f4xx_it.o(i.HardFault_Handler) for HardFault_Handler
    startup_stm32f407xx.o(RESET) refers to stm32f4xx_it.o(i.MemManage_Handler) for MemManage_Handler
    startup_stm32f407xx.o(RESET) refers to stm32f4xx_it.o(i.BusFault_Handler) for BusFault_Handler
    startup_stm32f407xx.o(RESET) refers to stm32f4xx_it.o(i.UsageFault_Handler) for UsageFault_Handler
    startup_stm32f407xx.o(RESET) refers to stm32f4xx_it.o(i.DebugMon_Handler) for DebugMon_Handler
    startup_stm32f407xx.o(RESET) refers to stm32f4xx_it.o(i.PendSV_Handler) for PendSV_Handler
    startup_stm32f407xx.o(RESET) refers to stm32f4xx_it.o(i.SysTick_Handler) for SysTick_Handler
    startup_stm32f407xx.o(RESET) refers to stm32f4xx_it.o(i.EXTI4_IRQHandler) for EXTI4_IRQHandler
    startup_stm32f407xx.o(RESET) refers to stm32f4xx_it.o(i.EXTI9_5_IRQHandler) for EXTI9_5_IRQHandler
    startup_stm32f407xx.o(RESET) refers to stm32f4xx_it.o(i.USART1_IRQHandler) for USART1_IRQHandler
    startup_stm32f407xx.o(RESET) refers to stm32f4xx_it.o(i.TIM8_CC_IRQHandler) for TIM8_CC_IRQHandler
    startup_stm32f407xx.o(.text) refers (Special) to heapauxi.o(.text) for __use_two_region_memory
    startup_stm32f407xx.o(.text) refers to system_stm32f4xx.o(i.SystemInit) for SystemInit
    startup_stm32f407xx.o(.text) refers to __main.o(!!!main) for __main
    startup_stm32f407xx.o(.text) refers to startup_stm32f407xx.o(HEAP) for Heap_Mem
    startup_stm32f407xx.o(.text) refers to startup_stm32f407xx.o(STACK) for Stack_Mem
    main.o(i.HAL_TIM_IC_CaptureCallback) refers to stm32f4xx_hal_tim.o(i.HAL_TIM_ReadCapturedValue) for HAL_TIM_ReadCapturedValue
    main.o(i.HAL_TIM_IC_CaptureCallback) refers to main.o(i.Error_Handler) for Error_Handler
    main.o(i.HAL_TIM_IC_CaptureCallback) refers to main.o(.data) for Is_first_capture
    main.o(i.SystemClock_Config) refers to rt_memclr_w.o(.text) for __aeabi_memclr4
    main.o(i.SystemClock_Config) refers to stm32f4xx_hal_rcc.o(i.HAL_RCC_OscConfig) for HAL_RCC_OscConfig
    main.o(i.SystemClock_Config) refers to main.o(i.Error_Handler) for Error_Handler
    main.o(i.SystemClock_Config) refers to stm32f4xx_hal_rcc.o(i.HAL_RCC_ClockConfig) for HAL_RCC_ClockConfig
    main.o(i.TestSendData) refers to stm32f4xx_hal_uart.o(i.HAL_UART_Transmit) for HAL_UART_Transmit
    main.o(i.TestSendData) refers to main.o(.bss) for testdatatosend
    main.o(i.TestSendData) refers to usart.o(.bss) for huart1
    main.o(i.Test_Send_User) refers to main.o(i.TestSendData) for TestSendData
    main.o(i.Test_Send_User) refers to main.o(.bss) for testdatatosend
    main.o(i.main) refers to stm32f4xx_hal.o(i.HAL_Init) for HAL_Init
    main.o(i.main) refers to main.o(i.SystemClock_Config) for SystemClock_Config
    main.o(i.main) refers to gpio.o(i.MX_GPIO_Init) for MX_GPIO_Init
    main.o(i.main) refers to dma.o(i.MX_DMA_Init) for MX_DMA_Init
    main.o(i.main) refers to tim.o(i.MX_TIM8_Init) for MX_TIM8_Init
    main.o(i.main) refers to tim.o(i.MX_TIM1_Init) for MX_TIM1_Init
    main.o(i.main) refers to usart.o(i.MX_USART1_UART_Init) for MX_USART1_UART_Init
    main.o(i.main) refers to spi.o(i.MX_SPI1_Init) for MX_SPI1_Init
    main.o(i.main) refers to tim.o(i.MX_TIM10_Init) for MX_TIM10_Init
    main.o(i.main) refers to bmi088driver.o(i.BMI088_init) for BMI088_init
    main.o(i.main) refers to stm32f4xx_hal_tim.o(i.HAL_TIM_Base_Start) for HAL_TIM_Base_Start
    main.o(i.main) refers to stm32f4xx_hal_tim.o(i.HAL_TIM_PWM_Start) for HAL_TIM_PWM_Start
    main.o(i.main) refers to stm32f4xx_hal_tim.o(i.HAL_TIM_IC_Start_IT) for HAL_TIM_IC_Start_IT
    main.o(i.main) refers to stm32f4xx_hal.o(i.HAL_Delay) for HAL_Delay
    main.o(i.main) refers to bmi088driver.o(i.BMI088_read) for BMI088_read
    main.o(i.main) refers to stm32f4xx_hal_uart.o(i.HAL_UART_Transmit) for HAL_UART_Transmit
    main.o(i.main) refers to tim.o(.bss) for htim1
    main.o(i.main) refers to usart.o(.bss) for huart1
    main.o(i.main) refers to main.o(.data) for main_clock_freq
    main.o(i.main) refers to main.o(.bss) for accel
    main.o(i.main) refers to usart.o(.data) for USART_RX_STA
    main.o(i.modbus_send) refers to host.o(i.modbus_feedback) for modbus_feedback
[...]
    .ARM.Collect$$libinit$$00000019          0x08000202   Section        0  libinit2.o(.ARM.Collect$$libinit$$00000019)
    .ARM.Collect$$libinit$$0000001B          0x08000202   Section        0  libinit2.o(.ARM.Collect$$libinit$$0000001B)
    .ARM.Collect$$libinit$$0000001D          0x08000202   Section        0  libinit2.o(.ARM.Collect$$libinit$$0000001D)
    .ARM.Collect$$libinit$$0000001F          0x08000202   Section        0  libinit2.o(.ARM.Collect$$libinit$$0000001F)
    .ARM.Collect$$libinit$$00000021          0x08000202   Section        0  libinit2.o(.ARM.Collect$$libinit$$00000021)
    .ARM.Collect$$libinit$$00000023          0x08000202   Section        0  libinit2.o(.ARM.Collect$$libinit$$00000023)
    .ARM.Collect$$libinit$$00000025          0x08000202   Section        0  libinit2.o(.ARM.Collect$$libinit$$00000025)
    .ARM.Collect$$libinit$$0000002C          0x08000202   Section        0  libinit2.o(.ARM.Collect$$libinit$$0000002C)
    .ARM.Collect$$libinit$$0000002E          0x08000202   Section        0  libinit2.o(.ARM.Collect$$libinit$$0000002E)
    .ARM.Collect$$libinit$$00000030          0x08000202   Section        0  libinit2.o(.ARM.Collect$$libinit$$00000030)
    .ARM.Collect$$libinit$$00000032          0x08000202   Section        0  libinit2.o(.ARM.Collect$$libinit$$00000032)
    .ARM.Collect$$libinit$$00000033          0x08000202   Section        2  libinit2.o(.ARM.Collect$$libinit$$00000033)
    .ARM.Collect$$libshutdown$$00000000      0x08000204   Section        2  libshutdown.o(.ARM.Collect$$libshutdown$$00000000)
    .ARM.Collect$$libshutdown$$00000002      0x08000206   Section        0  libshutdown2.o(.ARM.Collect$$libshutdown$$00000002)
    .ARM.Collect$$libshutdown$$00000004      0x08000206   Section        0  libshutdown2.o(.ARM.Collect$$libshutdown$$00000004)
    .ARM.Collect$$libshutdown$$00000007      0x08000206   Section        0  libshutdown2.o(.ARM.Collect$$libshutdown$$00000007)
    .ARM.Collect$$libshutdown$$0000000A      0x08000206   Section        0  libshutdown2.o(.ARM.Collect$$libshutdown$$0000000A)
    .ARM.Collect$$libshutdown$$0000000C      0x08000206   Section        0  libshutdown2.o(.ARM.Collect$$libshutdown$$0000000C)
    .ARM.Collect$$libshutdown$$0000000F      0x08000206   Section        0  libshutdown2.o(.ARM.Collect$$libshutdown$$0000000F)
    .ARM.Collect$$libshutdown$$00000010      0x08000206   Section        2  libshutdown2.o(.ARM.Collect$$libshutdown$$00000010)
    .ARM.Collect$$rtentry$$00000000          0x08000208   Section        0  __rtentry.o(.ARM.Collect$$rtentry$$00000000)
    .ARM.Collect$$rtentry$$00000002          0x08000208   Section        0  __rtentry2.o(.ARM.Collect$$rtentry$$00000002)
    .ARM.Collect$$rtentry$$00000004          0x08000208   Section        6  __rtentry4.o(.ARM.Collect$$rtentry$$00000004)
    .ARM.Collect$$rtentry$$00000009          0x0800020e   Section        0  __rtentry2.o(.ARM.Collect$$rtentry$$00000009)
    .ARM.Collect$$rtentry$$0000000A          0x0800020e   Section        4  __rtentry2.o(.ARM.Collect$$rtentry$$0000000A)
    .ARM.Collect$$rtentry$$0000000C          0x08000212   Section        0  __rtentry2.o(.ARM.Collect$$rtentry$$0000000C)
    .ARM.Collect$$rtentry$$0000000D          0x08000212   Section        8  __rtentry2.o(.ARM.Collect$$rtentry$$0000000D)
    .ARM.Collect$$rtexit$$00000000           0x0800021a   Section        2  rtexit.o(.ARM.Collect$$rtexit$$00000000)
    .ARM.Collect$$rtexit$$00000002           0x0800021c   Section        0  rtexit2.o(.ARM.Collect$$rtexit$$00000002)
    .ARM.Collect$$rtexit$$00000003           0x0800021c   Section        4  rtexit2.o(.ARM.Collect$$rtexit$$00000003)
    .ARM.Collect$$rtexit$$00000004           0x08000220   Section        6  rtexit2.o(.ARM.Collect$$rtexit$$00000004)
    .text                                    0x08000228   Section       64  startup_stm32f407xx.o(.text)
    $v0                                      0x08000228   Number         0  startup_stm32f407xx.o(.text)
    .text                                    0x08000268   Section        2  use_no_semi_2.o(.text)
    .text                                    0x0800026a   Section      238  lludivv7m.o(.text)
    .text                                    0x08000358   Section        0  noretval__2printf.o(.text)
    .text                                    0x08000370   Section       78  rt_memclr_w.o(.text)
    .text                                    0x080003be   Section        0  heapauxi.o(.text)
    .text                                    0x080003c4   Section        2  use_no_semi.o(.text)
    .text                                    0x080003c8   Section        0  _printf_char_file.o(.text)
    .text                                    0x080003ec   Section        0  _printf_char_common.o(.text)
    _printf_input_char                       0x080003ed   Thumb Code    10  _printf_char_common.o(.text)
    .text                                    0x0800041c   Section        0  ferror.o(.text)
    .text                                    0x08000424   Section       74  sys_stackheap_outer.o(.text)
    .text                                    0x0800046e   Section        0  __printf_nopercent.o(.text)
    .text                                    0x08000496   Section        0  exit.o(.text)
    .text                                    0x080004a8   Section        8  libspace.o(.text)
    i.BMI088_ACCEL_NS_H                      0x080004b0   Section        0  bmi088middleware.o(i.BMI088_ACCEL_NS_H)
    i.BMI088_ACCEL_NS_L                      0x080004c4   Section        0  bmi088middleware.o(i.BMI088_ACCEL_NS_L)
    i.BMI088_GPIO_init                       0x080004d8   Section        0  bmi088middleware.o(i.BMI088_GPIO_init)
    i.BMI088_GYRO_NS_H                       0x080004dc   Section        0  bmi088middleware.o(i.BMI088_GYRO_NS_H)
    i.BMI088_GYRO_NS_L                       0x080004f0   Section        0  bmi088middleware.o(i.BMI088_GYRO_NS_L)
    i.BMI088_com_init                        0x08000504   Section        0  bmi088middleware.o(i.BMI088_com_init)
    i.BMI088_delay_ms                        0x08000506   Section        0  bmi088middleware.o(i.BMI088_delay_ms)
    i.BMI088_delay_us                        0x08000520   Section        0  bmi088middleware.o(i.BMI088_delay_us)
    i.BMI088_init                            0x0800056a   Section        0  bmi088driver.o(i.BMI088_init)
    i.BMI088_read                            0x08000588   Section        0  bmi088driver.o(i.BMI088_read)
    i.BMI088_read_muli_reg                   0x08000704   Section        0  bmi088driver.o(i.BMI088_read_muli_reg)
    BMI088_read_muli_reg                     0x08000705   Thumb Code    38  bmi088driver.o(i.BMI088_read_muli_reg)
    i.BMI088_read_single_reg                 0x0800072a   Section        0  bmi088driver.o(i.BMI088_read_single_reg)
    BMI088_read_single_reg                   0x0800072b   Thumb Code    24  bmi088driver.o(i.BMI088_read_single_reg)
    i.BMI088_read_write_byte                 0x08000744   Section        0  bmi088middleware.o(i.BMI088_read_write_byte)
    i.BMI088_write_single_reg                0x08000764   Section        0  bmi088driver.o(i.BMI088_write_single_reg)
    BMI088_write_single_reg                  0x08000765   Thumb Code    20  bmi088driver.o(i.BMI088_write_single_reg)
    i.BusFault_Handler                       0x08000778   Section        0  stm32f4xx_it.o(i.BusFault_Handler)
    i.DMA_CalcBaseAndBitshift                0x0800077c   Section        0  stm32f4xx_hal_dma.o(i.DMA_CalcBaseAndBitshift)
    DMA_CalcBaseAndBitshift                  0x0800077d   Thumb Code    46  stm32f4xx_hal_dma.o(i.DMA_CalcBaseAndBitshift)
    i.DMA_CheckFifoParam                     0x080007b0   Section        0  stm32f4xx_hal_dma.o(i.DMA_CheckFifoParam)
    DMA_CheckFifoParam                       0x080007b1   Thumb Code   170  stm32f4xx_hal_dma.o(i.DMA_CheckFifoParam)
    i.DebugMon_Handler                       0x0800085a   Section        0  stm32f4xx_it.o(i.DebugMon_Handler)
    i.EXTI4_IRQHandler                       0x0800085c   Section        0  stm32f4xx_it.o(i.EXTI4_IRQHandler)
    i.EXTI9_5_IRQHandler                     0x08000866   Section        0  stm32f4xx_it.o(i.EXTI9_5_IRQHandler)
    i.Error_Handler                          0x08000870   Section        0  main.o(i.Error_Handler)
    i.HAL_DMA_Abort_IT                       0x08000872   Section        0  stm32f4xx_hal_dma.o(i.HAL_DMA_Abort_IT)
    i.HAL_DMA_Init                           0x0800089c   Section        0  stm32f4xx_hal_dma.o(i.HAL_DMA_Init)
    i.HAL_Delay                              0x08000988   Section        0  stm32f4xx_hal.o(i.HAL_Delay)
    i.HAL_GPIO_EXTI_Callback                 0x080009b0   Section        0  stm32f4xx_hal_gpio.o(i.HAL_GPIO_EXTI_Callback)
    i.HAL_GPIO_EXTI_IRQHandler               0x080009b4   Section        0  stm32f4xx_hal_gpio.o(i.HAL_GPIO_EXTI_IRQHandler)
    i.HAL_GPIO_Init                          0x080009d0   Section        0  stm32f4xx_hal_gpio.o(i.HAL_GPIO_Init)
    i.HAL_GPIO_WritePin                      0x08000bd0   Section        0  stm32f4xx_hal_gpio.o(i.HAL_GPIO_WritePin)
    i.HAL_GetTick                            0x08000bdc   Section        0  stm32f4xx_hal.o(i.HAL_GetTick)
    i.HAL_IncTick                            0x08000be8   Section        0  stm32f4xx_hal.o(i.HAL_IncTick)
    i.HAL_Init                               0x08000c00   Section        0  stm32f4xx_hal.o(i.HAL_Init)
    i.HAL_InitTick                           0x08000c3c   Section        0  stm32f4xx_hal.o(i.HAL_InitTick)
    i.HAL_MspInit                            0x08000c88   Section        0  stm32f4xx_hal_msp.o(i.HAL_MspInit)
    i.HAL_NVIC_EnableIRQ                     0x08000cd0   Section        0  stm32f4xx_hal_cortex.o(i.HAL_NVIC_EnableIRQ)
    i.HAL_NVIC_SetPriority                   0x08000cf0   Section        0  stm32f4xx_hal_cortex.o(i.HAL_NVIC_SetPriority)
    i.HAL_NVIC_SetPriorityGrouping           0x08000d6c   Section        0  stm32f4xx_hal_cortex.o(i.HAL_NVIC_SetPriorityGrouping)
    i.HAL_RCC_ClockConfig                    0x08000d94   Section        0  stm32f4xx_hal_rcc.o(i.HAL_RCC_ClockConfig)
    i.HAL_RCC_GetHCLKFreq                    0x08000f18   Section        0  stm32f4xx_hal_rcc.o(i.HAL_RCC_GetHCLKFreq)
    i.HAL_RCC_GetPCLK1Freq                   0x08000f24   Section        0  stm32f4xx_hal_rcc.o(i.HAL_RCC_GetPCLK1Freq)
    i.HAL_RCC_GetPCLK2Freq                   0x08000f44   Section        0  stm32f4xx_hal_rcc.o(i.HAL_RCC_GetPCLK2Freq)
    i.HAL_RCC_GetSysClockFreq                0x08000f64   Section        0  stm32f4xx_hal_rcc.o(i.HAL_RCC_GetSysClockFreq)
    i.HAL_RCC_OscConfig                      0x08001014   Section        0  stm32f4xx_hal_rcc.o(i.HAL_RCC_OscConfig)
    i.HAL_SPI_Init                           0x0800149c   Section        0  stm32f4xx_hal_spi.o(i.HAL_SPI_Init)
    i.HAL_SPI_MspInit                        0x08001528   Section        0  spi.o(i.HAL_SPI_MspInit)
    i.HAL_SPI_TransmitReceive                0x08001680   Section        0  stm32f4xx_hal_spi.o(i.HAL_SPI_TransmitReceive)
    i.HAL_SYSTICK_Config                     0x080018aa   Section        0  stm32f4xx_hal_cortex.o(i.HAL_SYSTICK_Config)
    i.HAL_TIMEx_BreakCallback                0x080018de   Section        0  stm32f4xx_hal_tim_ex.o(i.HAL_TIMEx_BreakCallback)
    i.HAL_TIMEx_CommutCallback               0x080018e0   Section        0  stm32f4xx_hal_tim_ex.o(i.HAL_TIMEx_CommutCallback)
    i.HAL_TIMEx_ConfigBreakDeadTime          0x080018e2   Section        0  stm32f4xx_hal_tim_ex.o(i.HAL_TIMEx_ConfigBreakDeadTime)
    i.HAL_TIMEx_MasterConfigSynchronization  0x08001958   Section        0  stm32f4xx_hal_tim_ex.o(i.HAL_TIMEx_MasterConfigSynchronization)
    i.HAL_TIM_Base_Init                      0x08001a0c   Section        0  stm32f4xx_hal_tim.o(i.HAL_TIM_Base_Init)
    i.HAL_TIM_Base_MspInit                   0x08001a40   Section        0  tim.o(i.HAL_TIM_Base_MspInit)
    i.HAL_TIM_Base_Start                     0x08001aa0   Section        0  stm32f4xx_hal_tim.o(i.HAL_TIM_Base_Start)
    i.HAL_TIM_ConfigClockSource              0x08001aca   Section        0  stm32f4xx_hal_tim.o(i.HAL_TIM_ConfigClockSource)
    i.HAL_TIM_IC_CaptureCallback             0x08001bd4   Section        0  main.o(i.HAL_TIM_IC_CaptureCallback)
    i.HAL_TIM_IC_ConfigChannel               0x08001cd4   Section        0  stm32f4xx_hal_tim.o(i.HAL_TIM_IC_ConfigChannel)
    i.HAL_TIM_IC_Init                        0x08001db4   Section        0  stm32f4xx_hal_tim.o(i.HAL_TIM_IC_Init)
    i.HAL_TIM_IC_MspInit                     0x08001de8   Section        0  tim.o(i.HAL_TIM_IC_MspInit)
    i.HAL_TIM_IC_Start_IT                    0x08001ebc   Section        0  stm32f4xx_hal_tim.o(i.HAL_TIM_IC_Start_IT)
    i.HAL_TIM_IRQHandler                     0x08001f34   Section        0  stm32f4xx_hal_tim.o(i.HAL_TIM_IRQHandler)
    i.HAL_TIM_MspPostInit                    0x080020cc   Section        0  tim.o(i.HAL_TIM_MspPostInit)
    i.HAL_TIM_OC_DelayElapsedCallback        0x08002180   Section        0  stm32f4xx_hal_tim.o(i.HAL_TIM_OC_DelayElapsedCallback)
    i.HAL_TIM_PWM_ConfigChannel              0x08002182   Section        0  stm32f4xx_hal_tim.o(i.HAL_TIM_PWM_ConfigChannel)
    i.HAL_TIM_PWM_Init                       0x0800228a   Section        0  stm32f4xx_hal_tim.o(i.HAL_TIM_PWM_Init)
    i.HAL_TIM_PWM_MspInit                    0x080022be   Section        0  stm32f4xx_hal_tim.o(i.HAL_TIM_PWM_MspInit)
    i.HAL_TIM_PWM_PulseFinishedCallback      0x080022c0   Section        0  stm32f4xx_hal_tim.o(i.HAL_TIM_PWM_PulseFinishedCallback)
    i.HAL_TIM_PWM_Start                      0x080022c4   Section        0  stm32f4xx_hal_tim.o(i.HAL_TIM_PWM_Start)
    i.HAL_TIM_PeriodElapsedCallback          0x0800231c   Section        0  stm32f4xx_hal_tim.o(i.HAL_TIM_PeriodElapsedCallback)
    i.HAL_TIM_ReadCapturedValue              0x0800231e   Section        0  stm32f4xx_hal_tim.o(i.HAL_TIM_ReadCapturedValue)
    i.HAL_TIM_TriggerCallback                0x08002350   Section        0  stm32f4xx_hal_tim.o(i.HAL_TIM_TriggerCallback)
    i.HAL_UART_ErrorCallback                 0x08002352   Section        0  stm32f4xx_hal_uart.o(i.HAL_UART_ErrorCallback)
    i.HAL_UART_IRQHandler                    0x08002354   Section        0  stm32f4xx_hal_uart.o(i.HAL_UART_IRQHandler)
    i.HAL_UART_Init                          0x080024a8   Section        0  stm32f4xx_hal_uart.o(i.HAL_UART_Init)
    i.HAL_UART_MspInit                       0x0800251c   Section        0  usart.o(i.HAL_UART_MspInit)
    i.HAL_UART_RxCpltCallback                0x080025f4   Section        0  stm32f4xx_it.o(i.HAL_UART_RxCpltCallback)
    i.HAL_UART_Transmit                      0x0800261c   Section        0  stm32f4xx_hal_uart.o(i.HAL_UART_Transmit)
    i.HAL_UART_TxCpltCallback                0x080026f4   Section        0  stm32f4xx_hal_uart.o(i.HAL_UART_TxCpltCallback)
    i.HardFault_Handler                      0x080026f6   Section        0  stm32f4xx_it.o(i.HardFault_Handler)
    i.MX_DMA_Init                            0x080026fc   Section        0  dma.o(i.MX_DMA_Init)
    i.MX_GPIO_Init                           0x08002744   Section        0  gpio.o(i.MX_GPIO_Init)
    i.MX_SPI1_Init                           0x080028b0   Section        0  spi.o(i.MX_SPI1_Init)
    i.MX_TIM10_Init                          0x080028f8   Section        0  tim.o(i.MX_TIM10_Init)
    i.MX_TIM1_Init                           0x08002964   Section        0  tim.o(i.MX_TIM1_Init)
    i.MX_TIM8_Init                           0x08002a70   Section        0  tim.o(i.MX_TIM8_Init)
    i.MX_USART1_UART_Init                    0x08002aec   Section        0  usart.o(i.MX_USART1_UART_Init)
    i.MemManage_Handler                      0x08002b24   Section        0  stm32f4xx_it.o(i.MemManage_Handler)
    i.NMI_Handler                            0x08002b28   Section        0  stm32f4xx_it.o(i.NMI_Handler)
    i.PendSV_Handler                         0x08002b2a   Section        0  stm32f4xx_it.o(i.PendSV_Handler)
    i.SPI_EndRxTxTransaction                 0x08002b2c   Section        0  stm32f4xx_hal_spi.o(i.SPI_EndRxTxTransaction)
    SPI_EndRxTxTransaction                   0x08002b2d   Thumb Code   100  stm32f4xx_hal_spi.o(i.SPI_EndRxTxTransaction)
    i.SPI_WaitFlagStateUntilTimeout          0x08002b98   Section        0  stm32f4xx_hal_spi.o(i.SPI_WaitFlagStateUntilTimeout)
    SPI_WaitFlagStateUntilTimeout            0x08002b99   Thumb Code   168  stm32f4xx_hal_spi.o(i.SPI_WaitFlagStateUntilTimeout)
    i.SysTick_Handler                        0x08002c40   Section        0  stm32f4xx_it.o(i.SysTick_Handler)
    i.SystemClock_Config                     0x08002c48   Section        0  main.o(i.SystemClock_Config)
    i.SystemInit                             0x08002cfc   Section        0  system_stm32f4xx.o(i.SystemInit)
    i.TIM8_CC_IRQHandler                     0x08002d60   Section        0  stm32f4xx_it.o(i.TIM8_CC_IRQHandler)
    i.TIM_Base_SetConfig                     0x08002d70   Section        0  stm32f4xx_hal_tim.o(i.TIM_Base_SetConfig)
    i.TIM_CCxChannelCmd                      0x08002e48   Section        0  stm32f4xx_hal_tim.o(i.TIM_CCxChannelCmd)
    i.TIM_ETR_SetConfig                      0x08002e6a   Section        0  stm32f4xx_hal_tim.o(i.TIM_ETR_SetConfig)
    i.TIM_ITRx_SetConfig                     0x08002e80   Section        0  stm32f4xx_hal_tim.o(i.TIM_ITRx_SetConfig)
    TIM_ITRx_SetConfig                       0x08002e81   Thumb Code    18  stm32f4xx_hal_tim.o(i.TIM_ITRx_SetConfig)
    i.TIM_OC1_SetConfig                      0x08002e94   Section        0  stm32f4xx_hal_tim.o(i.TIM_OC1_SetConfig)
    TIM_OC1_SetConfig                        0x08002e95   Thumb Code   104  stm32f4xx_hal_tim.o(i.TIM_OC1_SetConfig)
    i.TIM_OC2_SetConfig                      0x08002f04   Section        0  stm32f4xx_hal_tim.o(i.TIM_OC2_SetConfig)
    i.TIM_OC3_SetConfig                      0x08002f80   Section        0  stm32f4xx_hal_tim.o(i.TIM_OC3_SetConfig)
    TIM_OC3_SetConfig                        0x08002f81   Thumb Code   112  stm32f4xx_hal_tim.o(i.TIM_OC3_SetConfig)
    i.TIM_OC4_SetConfig                      0x08002ff8   Section        0  stm32f4xx_hal_tim.o(i.TIM_OC4_SetConfig)
    TIM_OC4_SetConfig                        0x08002ff9   Thumb Code    74  stm32f4xx_hal_tim.o(i.TIM_OC4_SetConfig)
    i.TIM_TI1_ConfigInputStage               0x0800304c   Section        0  stm32f4xx_hal_tim.o(i.TIM_TI1_ConfigInputStage)
    TIM_TI1_ConfigInputStage                 0x0800304d   Thumb Code    38  stm32f4xx_hal_tim.o(i.TIM_TI1_ConfigInputStage)
    i.TIM_TI1_SetConfig                      0x08003074   Section        0  stm32f4xx_hal_tim.o(i.TIM_TI1_SetConfig)
    i.TIM_TI2_ConfigInputStage               0x08003104   Section        0  stm32f4xx_hal_tim.o(i.TIM_TI2_ConfigInputStage)
    TIM_TI2_ConfigInputStage                 0x08003105   Thumb Code    40  stm32f4xx_hal_tim.o(i.TIM_TI2_ConfigInputStage)
    i.TIM_TI2_SetConfig                      0x0800312c   Section        0  stm32f4xx_hal_tim.o(i.TIM_TI2_SetConfig)
    TIM_TI2_SetConfig                        0x0800312d   Thumb Code    58  stm32f4xx_hal_tim.o(i.TIM_TI2_SetConfig)
    i.TIM_TI3_SetConfig                      0x08003166   Section        0  stm32f4xx_hal_tim.o(i.TIM_TI3_SetConfig)
    TIM_TI3_SetConfig                        0x08003167   Thumb Code    56  stm32f4xx_hal_tim.o(i.TIM_TI3_SetConfig)
    i.TIM_TI4_SetConfig                      0x0800319e   Section        0  stm32f4xx_hal_tim.o(i.TIM_TI4_SetConfig)
    TIM_TI4_SetConfig                        0x0800319f   Thumb Code    60  stm32f4xx_hal_tim.o(i.TIM_TI4_SetConfig)
    i.UART_DMAAbortOnError                   0x080031da   Section        0  stm32f4xx_hal_uart.o(i.UART_DMAAbortOnError)
    UART_DMAAbortOnError                     0x080031db   Thumb Code    20  stm32f4xx_hal_uart.o(i.UART_DMAAbortOnError)
    i.UART_EndRxTransfer                     0x080031ee   Section        0  stm32f4xx_hal_uart.o(i.UART_EndRxTransfer)
    UART_EndRxTransfer                       0x080031ef   Thumb Code    32  stm32f4xx_hal_uart.o(i.UART_EndRxTransfer)
    i.UART_EndTransmit_IT                    0x0800320e   Section        0  stm32f4xx_hal_uart.o(i.UART_EndTransmit_IT)
    UART_EndTransmit_IT                      0x0800320f   Thumb Code    32  stm32f4xx_hal_uart.o(i.UART_EndTransmit_IT)
    i.UART_Receive_IT                        0x0800322e   Section        0  stm32f4xx_hal_uart.o(i.UART_Receive_IT)
    UART_Receive_IT                          0x0800322f   Thumb Code   166  stm32f4xx_hal_uart.o(i.UART_Receive_IT)
    i.UART_SetConfig                         0x080032d4   Section        0  stm32f4xx_hal_uart.o(i.UART_SetConfig)
    UART_SetConfig                           0x080032d5   Thumb Code   992  stm32f4xx_hal_uart.o(i.UART_SetConfig)
    i.UART_Transmit_IT                       0x080036bc   Section        0  stm32f4xx_hal_uart.o(i.UART_Transmit_IT)
    UART_Transmit_IT                         0x080036bd   Thumb Code   104  stm32f4xx_hal_uart.o(i.UART_Transmit_IT)
    i.UART_WaitOnFlagUntilTimeout            0x08003724   Section        0  stm32f4xx_hal_uart.o(i.UART_WaitOnFlagUntilTimeout)
    UART_WaitOnFlagUntilTimeout              0x08003725   Thumb Code   108  stm32f4xx_hal_uart.o(i.UART_WaitOnFlagUntilTimeout)
    i.USART1_IRQHandler                      0x08003790   Section        0  stm32f4xx_it.o(i.USART1_IRQHandler)
    i.UsageFault_Handler                     0x080037a0   Section        0  stm32f4xx_it.o(i.UsageFault_Handler)
    i.__NVIC_GetPriorityGrouping             0x080037a4   Section        0  stm32f4xx_hal_cortex.o(i.__NVIC_GetPriorityGrouping)
    __NVIC_GetPriorityGrouping               0x080037a5   Thumb Code    10  stm32f4xx_hal_cortex.o(i.__NVIC_GetPriorityGrouping)
    i.__NVIC_SetPriority                     0x080037b4   Section        0  stm32f4xx_hal_cortex.o(i.__NVIC_SetPriority)
    __NVIC_SetPriority                       0x080037b5   Thumb Code    32  stm32f4xx_hal_cortex.o(i.__NVIC_SetPriority)
    i._sys_exit                              0x080037dc   Section        0  usart.o(i._sys_exit)
    i.bmi088_accel_init                      0x080037e0   Section        0  bmi088driver.o(i.bmi088_accel_init)
    i.bmi088_gyro_init                       0x08003908   Section        0  bmi088driver.o(i.bmi088_gyro_init)
    i.fputc                                  0x080039fc   Section        0  usart.o(i.fputc)
    i.getCrc8                                0x08003a18   Section        0  mbotlinuxusart.o(i.getCrc8)
    i.main                                   0x08003a50   Section        0  main.o(i.main)
    i.usartReceiveOneData                    0x08003b64   Section        0  mbotlinuxusart.o(i.usartReceiveOneData)
    x$fpl$fpinit                             0x08003d5c   Section       10  fpinit.o(x$fpl$fpinit)
    $v0                                      0x08003d5c   Number         0  fpinit.o(x$fpl$fpinit)
    .constdata                               0x08003d66   Section       24  system_stm32f4xx.o(.constdata)
    .constdata                               0x08003d7e   Section        8  stm32f4xx_hal_dma.o(.constdata)
    flagBitshiftOffset                       0x08003d7e   Data           8  stm32f4xx_hal_dma.o(.constdata)
    .constdata                               0x08003d86   Section        4  mbotlinuxusart.o(.constdata)
    .data                                    0x20000000   Section      124  main.o(.data)
    bufflen                                  0x20000078   Data           4  main.o(.data)
    .data                                    0x2000007c   Section        7  usart.o(.data)
    .data                                    0x20000084   Section        4  system_stm32f4xx.o(.data)
    .data                                    0x20000088   Section        9  stm32f4xx_hal.o(.data)
    .data                                    0x20000094   Section       44  bmi088driver.o(.data)
    write_BMI088_accel_reg_data_error        0x2000009c   Data          18  bmi088driver.o(.data)
    write_BMI088_gyro_reg_data_error         0x200000ae   Data          18  bmi088driver.o(.data)
    .data                                    0x200000c0   Section       24  mbotlinuxusart.o(.data)
    checkSum                                 0x200000ca   Data           1  mbotlinuxusart.o(.data)
    USARTBufferIndex                         0x200000cb   Data           1  mbotlinuxusart.o(.data)
    j                                        0x200000cc   Data           2  mbotlinuxusart.o(.data)
    k                                        0x200000ce   Data           2  mbotlinuxusart.o(.data)
    USARTReceiverFront                       0x200000d0   Data           1  mbotlinuxusart.o(.data)
    Start_Flag                               0x200000d1   Data           1  mbotlinuxusart.o(.data)
    dataLength                               0x200000d2   Data           2  mbotlinuxusart.o(.data)
    length                                   0x200000d4   Data           4  mbotlinuxusart.o(.data)
    .bss                                     0x200000d8   Section      252  main.o(.bss)
    feedback_buff                            0x20000154   Data         128  main.o(.bss)
    .bss                                     0x200001d4   Section      280  spi.o(.bss)
    .bss                                     0x200002ec   Section      192  tim.o(.bss)
    .bss                                     0x200003ac   Section      264  usart.o(.bss)
    .bss                                     0x200004b4   Section       16  mbotlinuxusart.o(.bss)
    .bss                                     0x200004c4   Section       96  libspace.o(.bss)
    HEAP                                     0x20000528   Section     8192  startup_stm32f407xx.o(HEAP)
    Heap_Mem                                 0x20000528   Data        8192  startup_stm32f407xx.o(HEAP)
    STACK                                    0x20002528   Section     8192  startup_stm32f407xx.o(STACK)
    Stack_Mem                                0x20002528   Data        8192  startup_stm32f407xx.o(STACK)
    __initial_sp                             0x20004528   Data           0  startup_stm32f407xx.o(STACK)

    Global Symbols

    Symbol Name                              Value     Ov Type        Size  Object(Section)

    BuildAttributes$$THM_ISAv4$E$P$D$K$B$S$7EM$VFPi3$EXTD16$VFPS$VFMA$PE$A:L22UL41UL21$X:L11$S22US41US21$IEEE1$IW$USESV6$~STKCKD$USESV7$~SHL$OSPACE$ROPI$EBA8$UX$STANDARDLIB$REQ8$PRES8$EABIv2 0x00000000   Number         0  anon$$obj.o ABSOLUTE
    __ARM_use_no_argv                        0x00000000   Number         0  main.o ABSOLUTE
    __ARM_exceptions_init                     - Undefined Weak Reference
    __alloca_initialize                       - Undefined Weak Reference
    __arm_preinit_                            - Undefined Weak Reference
    __cpp_initialize__aeabi_                  - Undefined Weak Reference
    __cxa_finalize                            - Undefined Weak Reference
    __rt_locale                               - Undefined Weak Reference
    __sigvec_lookup                           - Undefined Weak Reference
    _atexit_init                              - Undefined Weak Reference
    _call_atexit_fns                          - Undefined Weak Reference
    _clock_init                               - Undefined Weak Reference
    _fp_trap_init                             - Undefined Weak Reference
    _fp_trap_shutdown                         - Undefined Weak Reference
    _get_lc_collate                           - Undefined Weak Reference
    _get_lc_ctype                             - Undefined Weak Reference
    _get_lc_monetary                          - Undefined Weak Reference
    _get_lc_numeric                           - Undefined Weak Reference
    _get_lc_time                              - Undefined Weak Reference
    _getenv_init                              - Undefined Weak Reference
    _handle_redirection                       - Undefined Weak Reference
    _init_alloc                               - Undefined Weak Reference
    _init_user_alloc                          - Undefined Weak Reference
    _initio                                   - Undefined Weak Reference
    _mutex_acquire                            - Undefined Weak Reference
    _mutex_release                            - Undefined Weak Reference
    _rand_init                                - Undefined Weak Reference
    _signal_finish                            - Undefined Weak Reference
    _signal_init                              - Undefined Weak Reference
    _terminate_alloc                          - Undefined Weak Reference
    _terminate_user_alloc                     - Undefined Weak Reference
    _terminateio                              - Undefined Weak Reference
    __Vectors_Size                           0x00000188   Number         0  startup_stm32f407xx.o ABSOLUTE
    __Vectors                                0x08000000   Data           4  startup_stm32f407xx.o(RESET)
    __Vectors_End                            0x08000188   Data           0  startup_stm32f407xx.o(RESET)
    __main                                   0x08000189   Thumb Code     8  __main.o(!!!main)
    __scatterload                            0x08000191   Thumb Code     0  __scatter.o(!!!scatter)
    __scatterload_rt2                        0x08000191   Thumb Code    44  __scatter.o(!!!scatter)
    __scatterload_rt2_thumb_only             0x08000191   Thumb Code     0  __scatter.o(!!!scatter)
    __scatterload_null                       0x0800019f   Thumb Code     0  __scatter.o(!!!scatter)
    __scatterload_copy                       0x080001c5   Thumb Code    26  __scatter_copy.o(!!handler_copy)
    __scatterload_zeroinit                   0x080001e1   Thumb Code    28  __scatter_zi.o(!!handler_zi)
    __rt_lib_init                            0x080001fd   Thumb Code     0  libinit.o(.ARM.Collect$$libinit$$00000000)
    __rt_lib_init_fp_1                       0x080001ff   Thumb Code     0  libinit2.o(.ARM.Collect$$libinit$$00000001)
    __rt_lib_init_alloca_1                   0x08000203   Thumb Code     0  libinit2.o(.ARM.Collect$$libinit$$0000002E)
    __rt_lib_init_argv_1                     0x08000203   Thumb Code     0  libinit2.o(.ARM.Collect$$libinit$$0000002C)
    __rt_lib_init_atexit_1                   0x08000203   Thumb Code     0  libinit2.o(.ARM.Collect$$libinit$$0000001B)
    __rt_lib_init_clock_1                    0x08000203   Thumb Code     0  libinit2.o(.ARM.Collect$$libinit$$00000021)
    __rt_lib_init_cpp_1                      0x08000203   Thumb Code     0  libinit2.o(.ARM.Collect$$libinit$$00000032)
    __rt_lib_init_exceptions_1               0x08000203   Thumb Code     0  libinit2.o(.ARM.Collect$$libinit$$00000030)
    __rt_lib_init_fp_trap_1                  0x08000203   Thumb Code     0  libinit2.o(.ARM.Collect$$libinit$$0000001F)
    __rt_lib_init_getenv_1                   0x08000203   Thumb Code     0  libinit2.o(.ARM.Collect$$libinit$$00000023)
    __rt_lib_init_heap_1                     0x08000203   Thumb Code     0  libinit2.o(.ARM.Collect$$libinit$$0000000A)
    __rt_lib_init_lc_collate_1               0x08000203   Thumb Code     0  libinit2.o(.ARM.Collect$$libinit$$00000011)
    __rt_lib_init_lc_ctype_1                 0x08000203   Thumb Code     0  libinit2.o(.ARM.Collect$$libinit$$00000013)
    __rt_lib_init_lc_monetary_1              0x08000203   Thumb Code     0  libinit2.o(.ARM.Collect$$libinit$$00000015)
    __rt_lib_init_lc_numeric_1               0x08000203   Thumb Code     0  libinit2.o(.ARM.Collect$$libinit$$00000017)
    __rt_lib_init_lc_time_1                  0x08000203   Thumb Code     0  libinit2.o(.ARM.Collect$$libinit$$00000019)
    __rt_lib_init_preinit_1                  0x08000203   Thumb Code     0  libinit2.o(.ARM.Collect$$libinit$$00000004)
    __rt_lib_init_rand_1                     0x08000203   Thumb Code     0  libinit2.o(.ARM.Collect$$libinit$$0000000E)
    __rt_lib_init_return                     0x08000203   Thumb Code     0  libinit2.o(.ARM.Collect$$libinit$$00000033)
    __rt_lib_init_signal_1                   0x08000203   Thumb Code     0  libinit2.o(.ARM.Collect$$libinit$$0000001D)
    __rt_lib_init_stdio_1                    0x08000203   Thumb Code     0  libinit2.o(.ARM.Collect$$libinit$$00000025)
    __rt_lib_init_user_alloc_1               0x08000203   Thumb Code     0  libinit2.o(.ARM.Collect$$libinit$$0000000C)
    __rt_lib_shutdown                        0x08000205   Thumb Code     0  libshutdown.o(.ARM.Collect$$libshutdown$$00000000)
    __rt_lib_shutdown_cpp_1                  0x08000207   Thumb Code     0  libshutdown2.o(.ARM.Collect$$libshutdown$$00000002)
    __rt_lib_shutdown_fp_trap_1              0x08000207   Thumb Code     0  libshutdown2.o(.ARM.Collect$$libshutdown$$00000007)
    __rt_lib_shutdown_heap_1                 0x08000207   Thumb Code     0  libshutdown2.o(.ARM.Collect$$libshutdown$$0000000F)
    __rt_lib_shutdown_return                 0x08000207   Thumb Code     0  libshutdown2.o(.ARM.Collect$$libshutdown$$00000010)
    __rt_lib_shutdown_signal_1               0x08000207   Thumb Code     0  libshutdown2.o(.ARM.Collect$$libshutdown$$0000000A)
    __rt_lib_shutdown_stdio_1                0x08000207   Thumb Code     0  libshutdown2.o(.ARM.Collect$$libshutdown$$00000004)
    __rt_lib_shutdown_user_alloc_1           0x08000207   Thumb Code     0  libshutdown2.o(.ARM.Collect$$libshutdown$$0000000C)
    __rt_entry                               0x08000209   Thumb Code     0  __rtentry.o(.ARM.Collect$$rtentry$$00000000)
    __rt_entry_presh_1                       0x08000209   Thumb Code     0  __rtentry2.o(.ARM.Collect$$rtentry$$00000002)
    __rt_entry_sh                            0x08000209   Thumb Code     0  __rtentry4.o(.ARM.Collect$$rtentry$$00000004)
    __rt_entry_li                            0x0800020f   Thumb Code     0  __rtentry2.o(.ARM.Collect$$rtentry$$0000000A)
    __rt_entry_postsh_1                      0x0800020f   Thumb Code     0  __rtentry2.o(.ARM.Collect$$rtentry$$00000009)
    __rt_entry_main                          0x08000213   Thumb Code     0  __rtentry2.o(.ARM.Collect$$rtentry$$0000000D)
    __rt_entry_postli_1                      0x08000213   Thumb Code     0  __rtentry2.o(.ARM.Collect$$rtentry$$0000000C)
    __rt_exit                                0x0800021b   Thumb Code     0  rtexit.o(.ARM.Collect$$rtexit$$00000000)
    __rt_exit_ls                             0x0800021d   Thumb Code     0  rtexit2.o(.ARM.Collect$$rtexit$$00000003)
    __rt_exit_prels_1                        0x0800021d   Thumb Code     0  rtexit2.o(.ARM.Collect$$rtexit$$00000002)
    __rt_exit_exit                           0x08000221   Thumb Code     0  rtexit2.o(.ARM.Collect$$rtexit$$00000004)
    Reset_Handler                            0x08000229   Thumb Code     8  startup_stm32f407xx.o(.text)
    SVC_Handler                              0x0800023b   Thumb Code     2  startup_stm32f407xx.o(.text)
    ADC_IRQHandler                           0x08000243   Thumb Code     0  startup_stm32f407xx.o(.text)
    CAN1_RX0_IRQHandler                      0x08000243   Thumb Code     0  startup_stm32f407xx.o(.text)
    CAN1_RX1_IRQHandler                      0x08000243   Thumb Code     0  startup_stm32f407xx.o(.text)
    CAN1_SCE_IRQHandler                      0x08000243   Thumb Code     0  startup_stm32f407xx.o(.text)
    CAN1_TX_IRQHandler                       0x08000243   Thumb Code     0  startup_stm32f407xx.o(.text)
    CAN2_RX0_IRQHandler                      0x08000243   Thumb Code     0  startup_stm32f407xx.o(.text)
    CAN2_RX1_IRQHandler                      0x08000243   Thumb Code     0  startup_stm32f407xx.o(.text)
    CAN2_SCE_IRQHandler                      0x08000243   Thumb Code     0  startup_stm32f407xx.o(.text)
    CAN2_TX_IRQHandler                       0x08000243   Thumb Code     0  startup_stm32f407xx.o(.text)
    DCMI_IRQHandler                          0x08000243   Thumb Code     0  startup_stm32f407xx.o(.text)
    DMA1_Stream0_IRQHandler                  0x08000243   Thumb Code     0  startup_stm32f407xx.o(.text)
    DMA1_Stream1_IRQHandler                  0x08000243   Thumb Code     0  startup_stm32f407xx.o(.text)
    DMA1_Stream2_IRQHandler                  0x08000243   Thumb Code     0  startup_stm32f407xx.o(.text)
    DMA1_Stream3_IRQHandler                  0x08000243   Thumb Code     0  startup_stm32f407xx.o(.text)
    DMA1_Stream4_IRQHandler                  0x08000243   Thumb Code     0  startup_stm32f407xx.o(.text)
    DMA1_Stream5_IRQHandler                  0x08000243   Thumb Code     0  startup_stm32f407xx.o(.text)
    DMA1_Stream6_IRQHandler                  0x08000243   Thumb Code     0  startup_stm32f407xx.o(.text)
    DMA1_Stream7_IRQHandler                  0x08000243   Thumb Code     0  startup_stm32f407xx.o(.text)
    DMA2_Stream0_IRQHandler                  0x08000243   Thumb Code     0  startup_stm32f407xx.o(.text)
    DMA2_Stream1_IRQHandler                  0x08000243   Thumb Code     0  startup_stm32f407xx.o(.text)
    DMA2_Stream2_IRQHandler                  0x08000243   Thumb Code     0  startup_stm32f407xx.o(.text)
    DMA2_Stream3_IRQHandler                  0x08000243   Thumb Code     0  startup_stm32f407xx.o(.text)
    DMA2_Stream4_IRQHandler                  0x08000243   Thumb Code     0  startup_stm32f407xx.o(.text)
    DMA2_Stream5_IRQHandler                  0x08000243   Thumb Code     0  startup_stm32f407xx.o(.text)
    DMA2_Stream6_IRQHandler                  0x08000243   Thumb Code     0  startup_stm32f407xx.o(.text)
    DMA2_Stream7_IRQHandler                  0x08000243   Thumb Code     0  startup_stm32f407xx.o(.text)
    ETH_IRQHandler                           0x08000243   Thumb Code     0  startup_stm32f407xx.o(.text)
    ETH_WKUP_IRQHandler                      0x08000243   Thumb Code     0  startup_stm32f407xx.o(.text)
    EXTI0_IRQHandler                         0x08000243   Thumb Code     0  startup_stm32f407xx.o(.text)
    EXTI15_10_IRQHandler                     0x08000243   Thumb Code     0  startup_stm32f407xx.o(.text)
    EXTI1_IRQHandler                         0x08000243   Thumb Code     0  startup_stm32f407xx.o(.text)
    EXTI2_IRQHandler                         0x08000243   Thumb Code     0  startup_stm32f407xx.o(.text)
    EXTI3_IRQHandler                         0x08000243   Thumb Code     0  startup_stm32f407xx.o(.text)
    FLASH_IRQHandler                         0x08000243   Thumb Code     0  startup_stm32f407xx.o(.text)
    FMC_IRQHandler                           0x08000243   Thumb Code     0  startup_stm32f407xx.o(.text)
    FPU_IRQHandler                           0x08000243   Thumb Code     0  startup_stm32f407xx.o(.text)
    HASH_RNG_IRQHandler                      0x08000243   Thumb Code     0  startup_stm32f407xx.o(.text)
    I2C1_ER_IRQHandler                       0x08000243   Thumb Code     0  startup_stm32f407xx.o(.text)
    I2C1_EV_IRQHandler                       0x08000243   Thumb Code     0  startup_stm32f407xx.o(.text)
    I2C2_ER_IRQHandler                       0x08000243   Thumb Code     0  startup_stm32f407xx.o(.text)
    I2C2_EV_IRQHandler                       0x08000243   Thumb Code     0  startup_stm32f407xx.o(.text)
    I2C3_ER_IRQHandler                       0x08000243   Thumb Code     0  startup_stm32f407xx.o(.text)
    I2C3_EV_IRQHandler                       0x08000243   Thumb Code     0  startup_stm32f407xx.o(.text)
    OTG_FS_IRQHandler                        0x08000243   Thumb Code     0  startup_stm32f407xx.o(.text)
    OTG_FS_WKUP_IRQHandler                   0x08000243   Thumb Code     0  startup_stm32f407xx.o(.text)
    OTG_HS_EP1_IN_IRQHandler                 0x08000243   Thumb Code     0  startup_stm32f407xx.o(.text)
    OTG_HS_EP1_OUT_IRQHandler                0x08000243   Thumb Code     0  startup_stm32f407xx.o(.text)
    OTG_HS_IRQHandler                        0x08000243   Thumb Code     0  startup_stm32f407xx.o(.text)
    OTG_HS_WKUP_IRQHandler                   0x08000243   Thumb Code     0  startup_stm32f407xx.o(.text)
    PVD_IRQHandler                           0x08000243   Thumb Code     0  startup_stm32f407xx.o(.text)
    RCC_IRQHandler                           0x08000243   Thumb Code     0  startup_stm32f407xx.o(.text)
    RTC_Alarm_IRQHandler                     0x08000243   Thumb Code     0  startup_stm32f407xx.o(.text)
    RTC_WKUP_IRQHandler                      0x08000243   Thumb Code     0  startup_stm32f407xx.o(.text)
    SDIO_IRQHandler                          0x08000243   Thumb Code     0  startup_stm32f407xx.o(.text)
    SPI1_IRQHandler                          0x08000243   Thumb Code     0  startup_stm32f407xx.o(.text)
    SPI2_IRQHandler                          0x08000243   Thumb Code     0  startup_stm32f407xx.o(.text)
    SPI3_IRQHandler                          0x08000243   Thumb Code     0  startup_stm32f407xx.o(.text)
    TAMP_STAMP_IRQHandler                    0x08000243   Thumb Code     0  startup_stm32f407xx.o(.text)
    TIM1_BRK_TIM9_IRQHandler                 0x08000243   Thumb Code     0  startup_stm32f407xx.o(.text)
    TIM1_CC_IRQHandler                       0x08000243   Thumb Code     0  startup_stm32f407xx.o(.text)
    TIM1_TRG_COM_TIM11_IRQHandler            0x08000243   Thumb Code     0  startup_stm32f407xx.o(.text)
    TIM1_UP_TIM10_IRQHandler                 0x08000243   Thumb Code     0  startup_stm32f407xx.o(.text)
    TIM2_IRQHandler                          0x08000243   Thumb Code     0  startup_stm32f407xx.o(.text)
    TIM3_IRQHandler                          0x08000243   Thumb Code     0  startup_stm32f407xx.o(.text)
    TIM4_IRQHandler                          0x08000243   Thumb Code     0  startup_stm32f407xx.o(.text)
    TIM5_IRQHandler                          0x08000243   Thumb Code     0  startup_stm32f407xx.o(.text)
    TIM6_DAC_IRQHandler                      0x08000243   Thumb Code     0  startup_stm32f407xx.o(.text)
    TIM7_IRQHandler                          0x08000243   Thumb Code     0  startup_stm32f407xx.o(.text)
    TIM8_BRK_TIM12_IRQHandler                0x08000243   Thumb Code     0  startup_stm32f407xx.o(.text)
    TIM8_TRG_COM_TIM14_IRQHandler            0x08000243   Thumb Code     0  startup_stm32f407xx.o(.text)
    TIM8_UP_TIM13_IRQHandler                 0x08000243   Thumb Code     0  startup_stm32f407xx.o(.text)
    UART4_IRQHandler                         0x08000243   Thumb Code     0  startup_stm32f407xx.o(.text)
    UART5_IRQHandler                         0x08000243   Thumb Code     0  startup_stm32f407xx.o(.text)
    USART2_IRQHandler                        0x08000243   Thumb Code     0  startup_stm32f407xx.o(.text)
    USART3_IRQHandler                        0x08000243   Thumb Code     0  startup_stm32f407xx.o(.text)
    USART6_IRQHandler                        0x08000243   Thumb Code     0  startup_stm32f407xx.o(.text)
    WWDG_IRQHandler                          0x08000243   Thumb Code     0  startup_stm32f407xx.o(.text)
    __user_initial_stackheap                 0x08000245   Thumb Code     0  startup_stm32f407xx.o(.text)
    __use_no_semihosting                     0x08000269   Thumb Code     2  use_no_semi_2.o(.text)
    __aeabi_uldivmod                         0x0800026b   Thumb Code     0  lludivv7m.o(.text)
    _ll_udiv                                 0x0800026b   Thumb Code   238  lludivv7m.o(.text)
    __2printf                                0x08000359   Thumb Code    20  noretval__2printf.o(.text)
    __aeabi_memclr4                          0x08000371   Thumb Code     0  rt_memclr_w.o(.text)
    __aeabi_memclr8                          0x08000371   Thumb Code     0  rt_memclr_w.o(.text)
    __rt_memclr_w                            0x08000371   Thumb Code    78  rt_memclr_w.o(.text)
    _memset_w                                0x08000375   Thumb Code     0  rt_memclr_w.o(.text)
    __use_two_region_memory                  0x080003bf   Thumb Code     2  heapauxi.o(.text)
    __rt_heap_escrow$2region                 0x080003c1   Thumb Code     2  heapauxi.o(.text)
    __rt_heap_expand$2region                 0x080003c3   Thumb Code     2  heapauxi.o(.text)
    __I$use$semihosting                      0x080003c5   Thumb Code     0  use_no_semi.o(.text)
    __use_no_semihosting_swi                 0x080003c5   Thumb Code     2  use_no_semi.o(.text)
    _printf_char_file                        0x080003c9   Thumb Code    32  _printf_char_file.o(.text)
    _printf_char_common                      0x080003f7   Thumb Code    32  _printf_char_common.o(.text)
    ferror                                   0x0800041d   Thumb Code     8  ferror.o(.text)
    __user_setup_stackheap                   0x08000425   Thumb Code    74  sys_stackheap_outer.o(.text)
    __printf                                 0x0800046f   Thumb Code    40  __printf_nopercent.o(.text)
    exit                                     0x08000497   Thumb Code    18  exit.o(.text)
    __user_libspace                          0x080004a9   Thumb Code     8  libspace.o(.text)
    __user_perproc_libspace                  0x080004a9   Thumb Code     0  libspace.o(.text)
    __user_perthread_libspace                0x080004a9   Thumb Code     0  libspace.o(.text)
    BMI088_ACCEL_NS_H                        0x080004b1   Thumb Code    14  bmi088middleware.o(i.BMI088_ACCEL_NS_H)
    BMI088_ACCEL_NS_L                        0x080004c5   Thumb Code    14  bmi088middleware.o(i.BMI088_ACCEL_NS_L)
    BMI088_GPIO_init                         0x080004d9   Thumb Code     2  bmi088middleware.o(i.BMI088_GPIO_init)
    BMI088_GYRO_NS_H                         0x080004dd   Thumb Code    14  bmi088middleware.o(i.BMI088_GYRO_NS_H)
    BMI088_GYRO_NS_L                         0x080004f1   Thumb Code    14  bmi088middleware.o(i.BMI088_GYRO_NS_L)
    BMI088_com_init                          0x08000505   Thumb Code     2  bmi088middleware.o(i.BMI088_com_init)
    BMI088_delay_ms                          0x08000507   Thumb Code    26  bmi088middleware.o(i.BMI088_delay_ms)
    BMI088_delay_us                          0x08000521   Thumb Code    74  bmi088middleware.o(i.BMI088_delay_us)
    BMI088_init                              0x0800056b   Thumb Code    28  bmi088driver.o(i.BMI088_init)
    BMI088_read                              0x08000589   Thumb Code   372  bmi088driver.o(i.BMI088_read)
    BMI088_read_write_byte                   0x08000745   Thumb Code    28  bmi088middleware.o(i.BMI088_read_write_byte)
    BusFault_Handler                         0x08000779   Thumb Code     4  stm32f4xx_it.o(i.BusFault_Handler)
    DebugMon_Handler                         0x0800085b   Thumb Code     2  stm32f4xx_it.o(i.DebugMon_Handler)
    EXTI4_IRQHandler                         0x0800085d   Thumb Code    10  stm32f4xx_it.o(i.EXTI4_IRQHandler)
    EXTI9_5_IRQHandler                       0x08000867   Thumb Code    10  stm32f4xx_it.o(i.EXTI9_5_IRQHandler)
    Error_Handler                            0x08000871   Thumb Code     2  main.o(i.Error_Handler)
    HAL_DMA_Abort_IT                         0x08000873   Thumb Code    40  stm32f4xx_hal_dma.o(i.HAL_DMA_Abort_IT)
    HAL_DMA_Init                             0x0800089d   Thumb Code   232  stm32f4xx_hal_dma.o(i.HAL_DMA_Init)
    HAL_Delay                                0x08000989   Thumb Code    36  stm32f4xx_hal.o(i.HAL_Delay)
    HAL_GPIO_EXTI_Callback                   0x080009b1   Thumb Code     2  stm32f4xx_hal_gpio.o(i.HAL_GPIO_EXTI_Callback)
    HAL_GPIO_EXTI_IRQHandler                 0x080009b5   Thumb Code    24  stm32f4xx_hal_gpio.o(i.HAL_GPIO_EXTI_IRQHandler)
    HAL_GPIO_Init                            0x080009d1   Thumb Code   466  stm32f4xx_hal_gpio.o(i.HAL_GPIO_Init)
    HAL_GPIO_WritePin                        0x08000bd1   Thumb Code    12  stm32f4xx_hal_gpio.o(i.HAL_GPIO_WritePin)
    HAL_GetTick                              0x08000bdd   Thumb Code     6  stm32f4xx_hal.o(i.HAL_GetTick)
    HAL_IncTick                              0x08000be9   Thumb Code    16  stm32f4xx_hal.o(i.HAL_IncTick)
    HAL_Init                                 0x08000c01   Thumb Code    54  stm32f4xx_hal.o(i.HAL_Init)
    HAL_InitTick                             0x08000c3d   Thumb Code    64  stm32f4xx_hal.o(i.HAL_InitTick)
    HAL_MspInit                              0x08000c89   Thumb Code    68  stm32f4xx_hal_msp.o(i.HAL_MspInit)
    HAL_NVIC_EnableIRQ                       0x08000cd1   Thumb Code    32  stm32f4xx_hal_cortex.o(i.HAL_NVIC_EnableIRQ)
    HAL_NVIC_SetPriority                     0x08000cf1   Thumb Code   124  stm32f4xx_hal_cortex.o(i.HAL_NVIC_SetPriority)
    HAL_NVIC_SetPriorityGrouping             0x08000d6d   Thumb Code    32  stm32f4xx_hal_cortex.o(i.HAL_NVIC_SetPriorityGrouping)
    HAL_RCC_ClockConfig                      0x08000d95   Thumb Code   368  stm32f4xx_hal_rcc.o(i.HAL_RCC_ClockConfig)
    HAL_RCC_GetHCLKFreq                      0x08000f19   Thumb Code     6  stm32f4xx_hal_rcc.o(i.HAL_RCC_GetHCLKFreq)
    HAL_RCC_GetPCLK1Freq                     0x08000f25   Thumb Code    22  stm32f4xx_hal_rcc.o(i.HAL_RCC_GetPCLK1Freq)
    HAL_RCC_GetPCLK2Freq                     0x08000f45   Thumb Code    22  stm32f4xx_hal_rcc.o(i.HAL_RCC_GetPCLK2Freq)
    HAL_RCC_GetSysClockFreq                  0x08000f65   Thumb Code   162  stm32f4xx_hal_rcc.o(i.HAL_RCC_GetSysClockFreq)
    HAL_RCC_OscConfig                        0x08001015   Thumb Code  1152  stm32f4xx_hal_rcc.o(i.HAL_RCC_OscConfig)
    HAL_SPI_Init                             0x0800149d   Thumb Code   140  stm32f4xx_hal_spi.o(i.HAL_SPI_Init)
    HAL_SPI_MspInit                          0x08001529   Thumb Code   316  spi.o(i.HAL_SPI_MspInit)
    HAL_SPI_TransmitReceive                  0x08001681   Thumb Code   554  stm32f4xx_hal_spi.o(i.HAL_SPI_TransmitReceive)
    HAL_SYSTICK_Config                       0x080018ab   Thumb Code    52  stm32f4xx_hal_cortex.o(i.HAL_SYSTICK_Config)
    HAL_TIMEx_BreakCallback                  0x080018df   Thumb Code     2  stm32f4xx_hal_tim_ex.o(i.HAL_TIMEx_BreakCallback)
    HAL_TIMEx_CommutCallback                 0x080018e1   Thumb Code     2  stm32f4xx_hal_tim_ex.o(i.HAL_TIMEx_CommutCallback)
    HAL_TIMEx_ConfigBreakDeadTime            0x080018e3   Thumb Code   116  stm32f4xx_hal_tim_ex.o(i.HAL_TIMEx_ConfigBreakDeadTime)
    HAL_TIMEx_MasterConfigSynchronization    0x08001959   Thumb Code   150  stm32f4xx_hal_tim_ex.o(i.HAL_TIMEx_MasterConfigSynchronization)
    HAL_TIM_Base_Init                        0x08001a0d   Thumb Code    52  stm32f4xx_hal_tim.o(i.HAL_TIM_Base_Init)
    HAL_TIM_Base_MspInit                     0x08001a41   Thumb Code    84  tim.o(i.HAL_TIM_Base_MspInit)
    HAL_TIM_Base_Start                       0x08001aa1   Thumb Code    42  stm32f4xx_hal_tim.o(i.HAL_TIM_Base_Start)
    HAL_TIM_ConfigClockSource                0x08001acb   Thumb Code   264  stm32f4xx_hal_tim.o(i.HAL_TIM_ConfigClockSource)
    HAL_TIM_IC_CaptureCallback               0x08001bd5   Thumb Code   226  main.o(i.HAL_TIM_IC_CaptureCallback)
    HAL_TIM_IC_ConfigChannel                 0x08001cd5   Thumb Code   224  stm32f4xx_hal_tim.o(i.HAL_TIM_IC_ConfigChannel)
    HAL_TIM_IC_Init                          0x08001db5   Thumb Code    52  stm32f4xx_hal_tim.o(i.HAL_TIM_IC_Init)
    HAL_TIM_IC_MspInit                       0x08001de9   Thumb Code   196  tim.o(i.HAL_TIM_IC_MspInit)
    HAL_TIM_IC_Start_IT                      0x08001ebd   Thumb Code   120  stm32f4xx_hal_tim.o(i.HAL_TIM_IC_Start_IT)
    HAL_TIM_IRQHandler                       0x08001f35   Thumb Code   406  stm32f4xx_hal_tim.o(i.HAL_TIM_IRQHandler)
    HAL_TIM_MspPostInit                      0x080020cd   Thumb Code   158  tim.o(i.HAL_TIM_MspPostInit)
    HAL_TIM_OC_DelayElapsedCallback          0x08002181   Thumb Code     2  stm32f4xx_hal_tim.o(i.HAL_TIM_OC_DelayElapsedCallback)
    HAL_TIM_PWM_ConfigChannel                0x08002183   Thumb Code   264  stm32f4xx_hal_tim.o(i.HAL_TIM_PWM_ConfigChannel)
    HAL_TIM_PWM_Init                         0x0800228b   Thumb Code    52  stm32f4xx_hal_tim.o(i.HAL_TIM_PWM_Init)
    HAL_TIM_PWM_MspInit                      0x080022bf   Thumb Code     2  stm32f4xx_hal_tim.o(i.HAL_TIM_PWM_MspInit)
    HAL_TIM_PWM_PulseFinishedCallback        0x080022c1   Thumb Code     2  stm32f4xx_hal_tim.o(i.HAL_TIM_PWM_PulseFinishedCallback)
    HAL_TIM_PWM_Start                        0x080022c5   Thumb Code    80  stm32f4xx_hal_tim.o(i.HAL_TIM_PWM_Start)
    HAL_TIM_PeriodElapsedCallback            0x0800231d   Thumb Code     2  stm32f4xx_hal_tim.o(i.HAL_TIM_PeriodElapsedCallback)
    HAL_TIM_ReadCapturedValue                0x0800231f   Thumb Code    50  stm32f4xx_hal_tim.o(i.HAL_TIM_ReadCapturedValue)
    HAL_TIM_TriggerCallback                  0x08002351   Thumb Code     2  stm32f4xx_hal_tim.o(i.HAL_TIM_TriggerCallback)
    HAL_UART_ErrorCallback                   0x08002353   Thumb Code     2  stm32f4xx_hal_uart.o(i.HAL_UART_ErrorCallback)
    HAL_UART_IRQHandler                      0x08002355   Thumb Code   336  stm32f4xx_hal_uart.o(i.HAL_UART_IRQHandler)
    HAL_UART_Init                            0x080024a9   Thumb Code   114  stm32f4xx_hal_uart.o(i.HAL_UART_Init)
    HAL_UART_MspInit                         0x0800251d   Thumb Code   198  usart.o(i.HAL_UART_MspInit)
    HAL_UART_RxCpltCallback                  0x080025f5   Thumb Code    24  stm32f4xx_it.o(i.HAL_UART_RxCpltCallback)
    HAL_UART_Transmit                        0x0800261d   Thumb Code   216  stm32f4xx_hal_uart.o(i.HAL_UART_Transmit)
    HAL_UART_TxCpltCallback                  0x080026f5   Thumb Code     2  stm32f4xx_hal_uart.o(i.HAL_UART_TxCpltCallback)
    HardFault_Handler                        0x080026f7   Thumb Code     4  stm32f4xx_it.o(i.HardFault_Handler)
    MX_DMA_Init                              0x080026fd   Thumb Code    68  dma.o(i.MX_DMA_Init)
    MX_GPIO_Init                             0x08002745   Thumb Code   342  gpio.o(i.MX_GPIO_Init)
    MX_SPI1_Init                             0x080028b1   Thumb Code    62  spi.o(i.MX_SPI1_Init)
    MX_TIM10_Init                            0x080028f9   Thumb Code   100  tim.o(i.MX_TIM10_Init)
    MX_TIM1_Init                             0x08002965   Thumb Code   258  tim.o(i.MX_TIM1_Init)
    MX_TIM8_Init                             0x08002a71   Thumb Code   114  tim.o(i.MX_TIM8_Init)
    MX_USART1_UART_Init                      0x08002aed   Thumb Code    46  usart.o(i.MX_USART1_UART_Init)
    MemManage_Handler                        0x08002b25   Thumb Code     4  stm32f4xx_it.o(i.MemManage_Handler)
    NMI_Handler                              0x08002b29   Thumb Code     2  stm32f4xx_it.o(i.NMI_Handler)
    PendSV_Handler                           0x08002b2b   Thumb Code     2  stm32f4xx_it.o(i.PendSV_Handler)
    SysTick_Handler                          0x08002c41   Thumb Code     8  stm32f4xx_it.o(i.SysTick_Handler)
    SystemClock_Config                       0x08002c49   Thumb Code   170  main.o(i.SystemClock_Config)
    SystemInit                               0x08002cfd   Thumb Code    82  system_stm32f4xx.o(i.SystemInit)
    TIM8_CC_IRQHandler                       0x08002d61   Thumb Code    10  stm32f4xx_it.o(i.TIM8_CC_IRQHandler)
    TIM_Base_SetConfig                       0x08002d71   Thumb Code   170  stm32f4xx_hal_tim.o(i.TIM_Base_SetConfig)
    TIM_CCxChannelCmd                        0x08002e49   Thumb Code    34  stm32f4xx_hal_tim.o(i.TIM_CCxChannelCmd)
    TIM_ETR_SetConfig                        0x08002e6b   Thumb Code    22  stm32f4xx_hal_tim.o(i.TIM_ETR_SetConfig)
    TIM_OC2_SetConfig                        0x08002f05   Thumb Code   114  stm32f4xx_hal_tim.o(i.TIM_OC2_SetConfig)
    TIM_TI1_SetConfig                        0x08003075   Thumb Code   114  stm32f4xx_hal_tim.o(i.TIM_TI1_SetConfig)
    USART1_IRQHandler                        0x08003791   Thumb Code    10  stm32f4xx_it.o(i.USART1_IRQHandler)
    UsageFault_Handler                       0x080037a1   Thumb Code     4  stm32f4xx_it.o(i.UsageFault_Handler)
    _sys_exit                                0x080037dd   Thumb Code     4  usart.o(i._sys_exit)
    bmi088_accel_init                        0x080037e1   Thumb Code   290  bmi088driver.o(i.bmi088_accel_init)
    bmi088_gyro_init                         0x08003909   Thumb Code   238  bmi088driver.o(i.bmi088_gyro_init)
    fputc                                    0x080039fd   Thumb Code    22  usart.o(i.fputc)
    getCrc8                                  0x08003a19   Thumb Code    56  mbotlinuxusart.o(i.getCrc8)
    main                                     0x08003a51   Thumb Code   226  main.o(i.main)
    usartReceiveOneData                      0x08003b65   Thumb Code   422  mbotlinuxusart.o(i.usartReceiveOneData)
    _fp_init                                 0x08003d5d   Thumb Code    10  fpinit.o(x$fpl$fpinit)
    __fplib_config_fpu_vfp                   0x08003d65   Thumb Code     0  fpinit.o(x$fpl$fpinit)
    __fplib_config_pureend_doubles           0x08003d65   Thumb Code     0  fpinit.o(x$fpl$fpinit)
    AHBPrescTable                            0x08003d66   Data          16  system_stm32f4xx.o(.constdata)
    APBPrescTable                            0x08003d76   Data           8  system_stm32f4xx.o(.constdata)
    header                                   0x08003d86   Data           2  mbotlinuxusart.o(.constdata)
    ender                                    0x08003d88   Data           2  mbotlinuxusart.o(.constdata)
    Region$$Table$$Base                      0x08003d8c   Number         0  anon$$obj.o(Region$$Table)
    Region$$Table$$Limit                     0x08003dac   Number         0  anon$$obj.o(Region$$Table)
    temp                                     0x20000000   Data           4  main.o(.data)
    testSend1                                0x20000004   Data           2  main.o(.data)
    testSend2                                0x20000006   Data           2  main.o(.data)
    testSend3                                0x20000008   Data           2  main.o(.data)
    testSend4                                0x2000000a   Data           1  main.o(.data)
    testRece1                                0x2000000c   Data           4  main.o(.data)
    testRece2                                0x20000010   Data           4  main.o(.data)
    testRece3                                0x20000014   Data           1  main.o(.data)
    trans_scale_gyro                         0x20000018   Data           4  main.o(.data)
    trans_scale_acce                         0x2000001c   Data           4  main.o(.data)
    len                                      0x20000020   Data           1  main.o(.data)
    times_rece_it                            0x20000022   Data           2  main.o(.data)
    cont1                                    0x20000024   Data           2  main.o(.data)
    flip                                     0x20000026   Data           1  main.o(.data)
    times                                    0x20000027   Data           1  main.o(.data)
    t_pwm                                    0x20000028   Data           4  main.o(.data)
    ref_hz                                   0x2000002c   Data           2  main.o(.data)
    main_clock_freq                          0x20000030   Data           4  main.o(.data)
    psc_val                                  0x20000034   Data           2  main.o(.data)
    ARR_val                                  0x20000036   Data           2  main.o(.data)
    timer_counting_freq                      0x20000038   Data           4  main.o(.data)
    IC_Value1                                0x2000003c   Data           4  main.o(.data)
    IC_Value2                                0x20000040   Data           4  main.o(.data)
    Diff                                     0x20000044   Data           4  main.o(.data)
    freq                                     0x20000048   Data           4  main.o(.data)
    Is_first_capture                         0x2000004c   Data           1  main.o(.data)
    freq_to_m_rpm                            0x20000050   Data           4  main.o(.data)
    motor_to_wheel                           0x20000054   Data           4  main.o(.data)
    e_pre                                    0x20000058   Data           4  main.o(.data)
    e_now                                    0x2000005c   Data           4  main.o(.data)
    delta_e                                  0x20000060   Data           4  main.o(.data)
    delta_t                                  0x20000064   Data           4  main.o(.data)
    I_e                                      0x20000068   Data           4  main.o(.data)
    kp                                       0x2000006c   Data           4  main.o(.data)
    ki                                       0x20000070   Data           4  main.o(.data)
    kd                                       0x20000074   Data           4  main.o(.data)
    __stdout                                 0x2000007c   Data           4  usart.o(.data)
    USART_RX_STA                             0x20000080   Data           2  usart.o(.data)
    aRxBuffer                                0x20000082   Data           1  usart.o(.data)
    SystemCoreClock                          0x20000084   Data           4  system_stm32f4xx.o(.data)
    uwTick                                   0x20000088   Data           4  stm32f4xx_hal.o(.data)
    uwTickPrio                               0x2000008c   Data           4  stm32f4xx_hal.o(.data)
    uwTickFreq                               0x20000090   Data           1  stm32f4xx_hal.o(.data)
    BMI088_ACCEL_SEN                         0x20000094   Data           4  bmi088driver.o(.data)
    BMI088_GYRO_SEN                          0x20000098   Data           4  bmi088driver.o(.data)
    leftVelNow                               0x200000c0   Data           2  mbotlinuxusart.o(.data)
    rightVelNow                              0x200000c2   Data           2  mbotlinuxusart.o(.data)
    angleNow                                 0x200000c4   Data           2  mbotlinuxusart.o(.data)
    leftVelSet                               0x200000c6   Data           2  mbotlinuxusart.o(.data)
    rightVelSet                              0x200000c8   Data           2  mbotlinuxusart.o(.data)
    gyro                                     0x200000d8   Data          12  main.o(.bss)
    accel                                    0x200000e4   Data          12  main.o(.bss)
    testdatatosend                           0x200000f0   Data          50  main.o(.bss)
    modbus_table                             0x20000124   Data          24  main.o(.bss)
    str                                      0x2000013c   Data          12  main.o(.bss)
    str2                                     0x20000148   Data          12  main.o(.bss)
    hspi1                                    0x200001d4   Data          88  spi.o(.bss)
    hdma_spi1_rx                             0x2000022c   Data          96  spi.o(.bss)
    hdma_spi1_tx                             0x2000028c   Data          96  spi.o(.bss)
    htim1                                    0x200002ec   Data          64  tim.o(.bss)
    htim8                                    0x2000032c   Data          64  tim.o(.bss)
    htim10                                   0x2000036c   Data          64  tim.o(.bss)
    USART_RX_BUF                             0x200003ac   Data         200  usart.o(.bss)
    huart1                                   0x20000474   Data          64  usart.o(.bss)
    receiveBuff                              0x200004b4   Data          16  mbotlinuxusart.o(.bss)
    __libspace_start                         0x200004c4   Data          96  libspace.o(.bss)
    __temporary_stack_top$libspace           0x20000524   Data           0  libspace.o(.bss)



==============================================================================

Memory Map of the image

  Image Entry point : 0x08000189

  Load Region LR_IROM1 (Base: 0x08000000, Size: 0x00003e84, Max: 0x00100000, ABSOLUTE)

    Execution Region ER_IROM1 (Exec base: 0x08000000, Load base: 0x08000000, Size: 0x00003dac, Max: 0x00100000, ABSOLUTE)

    Exec Addr    Load Addr    Size         Type   Attr      Idx    E Section Name        Object

    0x08000000   0x08000000   0x00000188   Data   RO            3    RESET               startup_stm32f407xx.o
    0x08000188   0x08000188   0x00000008   Code   RO         3898  * !!!main             c_w.l(__main.o)
    0x08000190   0x08000190   0x00000034   Code   RO         4073    !!!scatter          c_w.l(__scatter.o)
    0x080001c4   0x080001c4   0x0000001a   Code   RO         4075    !!handler_copy      c_w.l(__scatter_copy.o)
    0x080001de   0x080001de   0x00000002   PAD
    0x080001e0   0x080001e0   0x0000001c   Code   RO         4077    !!handler_zi        c_w.l(__scatter_zi.o)
    0x080001fc   0x080001fc   0x00000002   Code   RO         3947    .ARM.Collect$$libinit$$00000000  c_w.l(libinit.o)
    0x080001fe   0x080001fe   0x00000004   Code   RO         3959    .ARM.Collect$$libinit$$00000001  c_w.l(libinit2.o)
    0x08000202   0x08000202   0x00000000   Code   RO         3962    .ARM.Collect$$libinit$$00000004  c_w.l(libinit2.o)
    0x08000202   0x08000202   0x00000000   Code   RO         3965    .ARM.Collect$$libinit$$0000000A  c_w.l(libinit2.o)
    0x08000202   0x08000202   0x00000000   Code   RO         3967    .ARM.Collect$$libinit$$0000000C  c_w.l(libinit2.o)
    0x08000202   0x08000202   0x00000000   Code   RO         3969    .ARM.Collect$$libinit$$0000000E  c_w.l(libinit2.o)
    0x08000202   0x08000202   0x00000000   Code   RO         3972    .ARM.Collect$$libinit$$00000011  c_w.l(libinit2.o)
    0x08000202   0x08000202   0x00000000   Code   RO         3974    .ARM.Collect$$libinit$$00000013  c_w.l(libinit2.o)
    0x08000202   0x08000202   0x00000000   Code   RO         3976    .ARM.Collect$$libinit$$00000015  c_w.l(libinit2.o)
    0x08000202   0x08000202   0x00000000   Code   RO         3978    .ARM.Collect$$libinit$$00000017  c_w.l(libinit2.o)
    0x08000202   0x08000202   0x00000000   Code   RO         3980    .ARM.Collect$$libinit$$00000019  c_w.l(libinit2.o)
    0x08000202   0x08000202   0x00000000   Code   RO         3982    .ARM.Collect$$libinit$$0000001B  c_w.l(libinit2.o)
    0x08000202   0x08000202   0x00000000   Code   RO         3984    .ARM.Collect$$libinit$$0000001D  c_w.l(libinit2.o)
    0x08000202   0x08000202   0x00000000   Code   RO         3986    .ARM.Collect$$libinit$$0000001F  c_w.l(libinit2.o)
    0x08000202   0x08000202   0x00000000   Code   RO         3988    .ARM.Collect$$libinit$$00000021  c_w.l(libinit2.o)
    0x08000202   0x08000202   0x00000000   Code   RO         3990    .ARM.Collect$$libinit$$00000023  c_w.l(libinit2.o)
    0x08000202   0x08000202   0x00000000   Code   RO         3992    .ARM.Collect$$libinit$$00000025  c_w.l(libinit2.o)
    0x08000202   0x08000202   0x00000000   Code   RO         3996    .ARM.Collect$$libinit$$0000002C  c_w.l(libinit2.o)
    0x08000202   0x08000202   0x00000000   Code   RO         3998    .ARM.Collect$$libinit$$0000002E  c_w.l(libinit2.o)
    0x08000202   0x08000202   0x00000000   Code   RO         4000    .ARM.Collect$$libinit$$00000030  c_w.l(libinit2.o)
    0x08000202   0x08000202   0x00000000   Code   RO         4002    .ARM.Collect$$libinit$$00000032  c_w.l(libinit2.o)
    0x08000202   0x08000202   0x00000002   Code   RO         4003    .ARM.Collect$$libinit$$00000033  c_w.l(libinit2.o)
    0x08000204   0x08000204   0x00000002   Code   RO         4029    .ARM.Collect$$libshutdown$$00000000  c_w.l(libshutdown.o)
    0x08000206   0x08000206   0x00000000   Code   RO         4056    .ARM.Collect$$libshutdown$$00000002  c_w.l(libshutdown2.o)
    0x08000206   0x08000206   0x00000000   Code   RO         4058    .ARM.Collect$$libshutdown$$00000004  c_w.l(libshutdown2.o)
    0x08000206   0x08000206   0x00000000   Code   RO         4061    .ARM.Collect$$libshutdown$$00000007  c_w.l(libshutdown2.o)
    0x08000206   0x08000206   0x00000000   Code   RO         4064    .ARM.Collect$$libshutdown$$0000000A  c_w.l(libshutdown2.o)
    0x08000206   0x08000206   0x00000000   Code   RO         4066    .ARM.Collect$$libshutdown$$0000000C  c_w.l(libshutdown2.o)
    0x08000206   0x08000206   0x00000000   Code   RO         4069    .ARM.Collect$$libshutdown$$0000000F  c_w.l(libshutdown2.o)
    0x08000206   0x08000206   0x00000002   Code   RO         4070    .ARM.Collect$$libshutdown$$00000010  c_w.l(libshutdown2.o)
    0x08000208   0x08000208   0x00000000   Code   RO         3902    .ARM.Collect$$rtentry$$00000000  c_w.l(__rtentry.o)
    0x08000208   0x08000208   0x00000000   Code   RO         3910    .ARM.Collect$$rtentry$$00000002  c_w.l(__rtentry2.o)
    0x08000208   0x08000208   0x00000006   Code   RO         3922    .ARM.Collect$$rtentry$$00000004  c_w.l(__rtentry4.o)
    0x0800020e   0x0800020e   0x00000000   Code   RO         3912    .ARM.Collect$$rtentry$$00000009  c_w.l(__rtentry2.o)
    0x0800020e   0x0800020e   0x00000004   Code   RO         3913    .ARM.Collect$$rtentry$$0000000A  c_w.l(__rtentry2.o)
    0x08000212   0x08000212   0x00000000   Code   RO         3915    .ARM.Collect$$rtentry$$0000000C  c_w.l(__rtentry2.o)
    0x08000212   0x08000212   0x00000008   Code   RO         3916    .ARM.Collect$$rtentry$$0000000D  c_w.l(__rtentry2.o)
    0x0800021a   0x0800021a   0x00000002   Code   RO         3951    .ARM.Collect$$rtexit$$00000000  c_w.l(rtexit.o)
    0x0800021c   0x0800021c   0x00000000   Code   RO         4005    .ARM.Collect$$rtexit$$00000002  c_w.l(rtexit2.o)
    0x0800021c   0x0800021c   0x00000004   Code   RO         4006    .ARM.Collect$$rtexit$$00000003  c_w.l(rtexit2.o)
    0x08000220   0x08000220   0x00000006   Code   RO         4007    .ARM.Collect$$rtexit$$00000004  c_w.l(rtexit2.o)
    0x08000226   0x08000226   0x00000002   PAD
    0x08000228   0x08000228   0x00000040   Code   RO            4    .text               startup_stm32f407xx.o
    0x08000268   0x08000268   0x00000002   Code   RO         3886    .text               c_w.l(use_no_semi_2.o)
    0x0800026a   0x0800026a   0x000000ee   Code   RO         3888    .text               c_w.l(lludivv7m.o)
    0x08000358   0x08000358   0x00000018   Code   RO         3892    .text               c_w.l(noretval__2printf.o)
    0x08000370   0x08000370   0x0000004e   Code   RO         3894    .text               c_w.l(rt_memclr_w.o)
    0x080003be   0x080003be   0x00000006   Code   RO         3896    .text               c_w.l(heapauxi.o)
    0x080003c4   0x080003c4   0x00000002   Code   RO         3900    .text               c_w.l(use_no_semi.o)
    0x080003c6   0x080003c6   0x00000002   PAD
    0x080003c8   0x080003c8   0x00000024   Code   RO         3907    .text               c_w.l(_printf_char_file.o)
    0x080003ec   0x080003ec   0x00000030   Code   RO         3926    .text               c_w.l(_printf_char_common.o)
    0x0800041c   0x0800041c   0x00000008   Code   RO         3928    .text               c_w.l(ferror.o)
    0x08000424   0x08000424   0x0000004a   Code   RO         3932    .text               c_w.l(sys_stackheap_outer.o)
    0x0800046e   0x0800046e   0x00000028   Code   RO         3934    .text               c_w.l(__printf_nopercent.o)
    0x08000496   0x08000496   0x00000012   Code   RO         3936    .text               c_w.l(exit.o)
    0x080004a8   0x080004a8   0x00000008   Code   RO         3948    .text               c_w.l(libspace.o)
    0x080004b0   0x080004b0   0x00000014   Code   RO         3728    i.BMI088_ACCEL_NS_H  bmi088middleware.o
    0x080004c4   0x080004c4   0x00000014   Code   RO         3729    i.BMI088_ACCEL_NS_L  bmi088middleware.o
    0x080004d8   0x080004d8   0x00000002   Code   RO         3730    i.BMI088_GPIO_init  bmi088middleware.o
    0x080004da   0x080004da   0x00000002   PAD
    0x080004dc   0x080004dc   0x00000014   Code   RO         3731    i.BMI088_GYRO_NS_H  bmi088middleware.o
    0x080004f0   0x080004f0   0x00000014   Code   RO         3732    i.BMI088_GYRO_NS_L  bmi088middleware.o
    0x08000504   0x08000504   0x00000002   Code   RO         3733    i.BMI088_com_init   bmi088middleware.o
    0x08000506   0x08000506   0x0000001a   Code   RO         3734    i.BMI088_delay_ms   bmi088middleware.o
    0x08000520   0x08000520   0x0000004a   Code   RO         3735    i.BMI088_delay_us   bmi088middleware.o
    0x0800056a   0x0800056a   0x0000001c   Code   RO         3593    i.BMI088_init       bmi088driver.o
    0x08000586   0x08000586   0x00000002   PAD
    0x08000588   0x08000588   0x0000017c   Code   RO         3594    i.BMI088_read       bmi088driver.o
    0x08000704   0x08000704   0x00000026   Code   RO         3595    i.BMI088_read_muli_reg  bmi088driver.o
    0x0800072a   0x0800072a   0x00000018   Code   RO         3596    i.BMI088_read_single_reg  bmi088driver.o
    0x08000742   0x08000742   0x00000002   PAD
    0x08000744   0x08000744   0x00000020   Code   RO         3736    i.BMI088_read_write_byte  bmi088middleware.o
    0x08000764   0x08000764   0x00000014   Code   RO         3597    i.BMI088_write_single_reg  bmi088driver.o
    0x08000778   0x08000778   0x00000004   Code   RO          654    i.BusFault_Handler  stm32f4xx_it.o
    0x0800077c   0x0800077c   0x00000034   Code   RO         1645    i.DMA_CalcBaseAndBitshift  stm32f4xx_hal_dma.o
    0x080007b0   0x080007b0   0x000000aa   Code   RO         1646    i.DMA_CheckFifoParam  stm32f4xx_hal_dma.o
    0x0800085a   0x0800085a   0x00000002   Code   RO          655    i.DebugMon_Handler  stm32f4xx_it.o
    0x0800085c   0x0800085c   0x0000000a   Code   RO          656    i.EXTI4_IRQHandler  stm32f4xx_it.o
    0x08000866   0x08000866   0x0000000a   Code   RO          657    i.EXTI9_5_IRQHandler  stm32f4xx_it.o
    0x08000870   0x08000870   0x00000002   Code   RO           38    i.Error_Handler     main.o
    0x08000872   0x08000872   0x00000028   Code   RO         1649    i.HAL_DMA_Abort_IT  stm32f4xx_hal_dma.o
    0x0800089a   0x0800089a   0x00000002   PAD
    0x0800089c   0x0800089c   0x000000ec   Code   RO         1654    i.HAL_DMA_Init      stm32f4xx_hal_dma.o
    0x08000988   0x08000988   0x00000028   Code   RO         2072    i.HAL_Delay         stm32f4xx_hal.o
    0x080009b0   0x080009b0   0x00000002   Code   RO         1539    i.HAL_GPIO_EXTI_Callback  stm32f4xx_hal_gpio.o
    0x080009b2   0x080009b2   0x00000002   PAD
    0x080009b4   0x080009b4   0x0000001c   Code   RO         1540    i.HAL_GPIO_EXTI_IRQHandler  stm32f4xx_hal_gpio.o
    0x080009d0   0x080009d0   0x00000200   Code   RO         1541    i.HAL_GPIO_Init     stm32f4xx_hal_gpio.o
    0x08000bd0   0x08000bd0   0x0000000c   Code   RO         1545    i.HAL_GPIO_WritePin  stm32f4xx_hal_gpio.o
    0x08000bdc   0x08000bdc   0x0000000c   Code   RO         2078    i.HAL_GetTick       stm32f4xx_hal.o
    0x08000be8   0x08000be8   0x00000018   Code   RO         2084    i.HAL_IncTick       stm32f4xx_hal.o
    0x08000c00   0x08000c00   0x0000003c   Code   RO         2085    i.HAL_Init          stm32f4xx_hal.o
    0x08000c3c   0x08000c3c   0x0000004c   Code   RO         2086    i.HAL_InitTick      stm32f4xx_hal.o
    0x08000c88   0x08000c88   0x00000048   Code   RO          758    i.HAL_MspInit       stm32f4xx_hal_msp.o
    0x08000cd0   0x08000cd0   0x00000020   Code   RO         1930    i.HAL_NVIC_EnableIRQ  stm32f4xx_hal_cortex.o
    0x08000cf0   0x08000cf0   0x0000007c   Code   RO         1936    i.HAL_NVIC_SetPriority  stm32f4xx_hal_cortex.o
    0x08000d6c   0x08000d6c   0x00000028   Code   RO         1937    i.HAL_NVIC_SetPriorityGrouping  stm32f4xx_hal_cortex.o
    0x08000d94   0x08000d94   0x00000184   Code   RO         1142    i.HAL_RCC_ClockConfig  stm32f4xx_hal_rcc.o
    0x08000f18   0x08000f18   0x0000000c   Code   RO         1147    i.HAL_RCC_GetHCLKFreq  stm32f4xx_hal_rcc.o
    0x08000f24   0x08000f24   0x00000020   Code   RO         1149    i.HAL_RCC_GetPCLK1Freq  stm32f4xx_hal_rcc.o
    0x08000f44   0x08000f44   0x00000020   Code   RO         1150    i.HAL_RCC_GetPCLK2Freq  stm32f4xx_hal_rcc.o
    0x08000f64   0x08000f64   0x000000b0   Code   RO         1151    i.HAL_RCC_GetSysClockFreq  stm32f4xx_hal_rcc.o
    0x08001014   0x08001014   0x00000488   Code   RO         1154    i.HAL_RCC_OscConfig  stm32f4xx_hal_rcc.o
    0x0800149c   0x0800149c   0x0000008c   Code   RO          830    i.HAL_SPI_Init      stm32f4xx_hal_spi.o
    0x08001528   0x08001528   0x00000158   Code   RO          389    i.HAL_SPI_MspInit   spi.o
    0x08001680   0x08001680   0x0000022a   Code   RO          839    i.HAL_SPI_TransmitReceive  stm32f4xx_hal_spi.o
    0x080018aa   0x080018aa   0x00000034   Code   RO         1941    i.HAL_SYSTICK_Config  stm32f4xx_hal_cortex.o
    0x080018de   0x080018de   0x00000002   Code   RO         3011    i.HAL_TIMEx_BreakCallback  stm32f4xx_hal_tim_ex.o
    0x080018e0   0x080018e0   0x00000002   Code   RO         3012    i.HAL_TIMEx_CommutCallback  stm32f4xx_hal_tim_ex.o
    0x080018e2   0x080018e2   0x00000074   Code   RO         3014    i.HAL_TIMEx_ConfigBreakDeadTime  stm32f4xx_hal_tim_ex.o
    0x08001956   0x08001956   0x00000002   PAD
    0x08001958   0x08001958   0x000000b4   Code   RO         3029    i.HAL_TIMEx_MasterConfigSynchronization  stm32f4xx_hal_tim_ex.o
    0x08001a0c   0x08001a0c   0x00000034   Code   RO         2325    i.HAL_TIM_Base_Init  stm32f4xx_hal_tim.o
    0x08001a40   0x08001a40   0x00000060   Code   RO          431    i.HAL_TIM_Base_MspInit  tim.o
    0x08001aa0   0x08001aa0   0x0000002a   Code   RO         2328    i.HAL_TIM_Base_Start  stm32f4xx_hal_tim.o
    0x08001aca   0x08001aca   0x00000108   Code   RO         2334    i.HAL_TIM_ConfigClockSource  stm32f4xx_hal_tim.o
    0x08001bd2   0x08001bd2   0x00000002   PAD
    0x08001bd4   0x08001bd4   0x00000100   Code   RO           39    i.HAL_TIM_IC_CaptureCallback  main.o
    0x08001cd4   0x08001cd4   0x000000e0   Code   RO         2356    i.HAL_TIM_IC_ConfigChannel  stm32f4xx_hal_tim.o
    0x08001db4   0x08001db4   0x00000034   Code   RO         2359    i.HAL_TIM_IC_Init   stm32f4xx_hal_tim.o
    0x08001de8   0x08001de8   0x000000d4   Code   RO          433    i.HAL_TIM_IC_MspInit  tim.o
    0x08001ebc   0x08001ebc   0x00000078   Code   RO         2364    i.HAL_TIM_IC_Start_IT  stm32f4xx_hal_tim.o
    0x08001f34   0x08001f34   0x00000196   Code   RO         2368    i.HAL_TIM_IRQHandler  stm32f4xx_hal_tim.o
    0x080020ca   0x080020ca   0x00000002   PAD
    0x080020cc   0x080020cc   0x000000b4   Code   RO          434    i.HAL_TIM_MspPostInit  tim.o
    0x08002180   0x08002180   0x00000002   Code   RO         2371    i.HAL_TIM_OC_DelayElapsedCallback  stm32f4xx_hal_tim.o
    0x08002182   0x08002182   0x00000108   Code   RO         2392    i.HAL_TIM_PWM_ConfigChannel  stm32f4xx_hal_tim.o
    0x0800228a   0x0800228a   0x00000034   Code   RO         2395    i.HAL_TIM_PWM_Init  stm32f4xx_hal_tim.o
    0x080022be   0x080022be   0x00000002   Code   RO         2397    i.HAL_TIM_PWM_MspInit  stm32f4xx_hal_tim.o
    0x080022c0   0x080022c0   0x00000002   Code   RO         2398    i.HAL_TIM_PWM_PulseFinishedCallback  stm32f4xx_hal_tim.o
    0x080022c2   0x080022c2   0x00000002   PAD
    0x080022c4   0x080022c4   0x00000058   Code   RO         2400    i.HAL_TIM_PWM_Start  stm32f4xx_hal_tim.o
    0x0800231c   0x0800231c   0x00000002   Code   RO         2406    i.HAL_TIM_PeriodElapsedCallback  stm32f4xx_hal_tim.o
    0x0800231e   0x0800231e   0x00000032   Code   RO         2408    i.HAL_TIM_ReadCapturedValue  stm32f4xx_hal_tim.o
    0x08002350   0x08002350   0x00000002   Code   RO         2411    i.HAL_TIM_TriggerCallback  stm32f4xx_hal_tim.o
    0x08002352   0x08002352   0x00000002   Code   RO         3283    i.HAL_UART_ErrorCallback  stm32f4xx_hal_uart.o
    0x08002354   0x08002354   0x00000154   Code   RO         3286    i.HAL_UART_IRQHandler  stm32f4xx_hal_uart.o
    0x080024a8   0x080024a8   0x00000072   Code   RO         3287    i.HAL_UART_Init     stm32f4xx_hal_uart.o
    0x0800251a   0x0800251a   0x00000002   PAD
    0x0800251c   0x0800251c   0x000000d8   Code   RO          503    i.HAL_UART_MspInit  usart.o
    0x080025f4   0x080025f4   0x00000028   Code   RO          658    i.HAL_UART_RxCpltCallback  stm32f4xx_it.o
    0x0800261c   0x0800261c   0x000000d8   Code   RO         3295    i.HAL_UART_Transmit  stm32f4xx_hal_uart.o
    0x080026f4   0x080026f4   0x00000002   Code   RO         3298    i.HAL_UART_TxCpltCallback  stm32f4xx_hal_uart.o
    0x080026f6   0x080026f6   0x00000004   Code   RO          659    i.HardFault_Handler  stm32f4xx_it.o
    0x080026fa   0x080026fa   0x00000002   PAD
    0x080026fc   0x080026fc   0x00000048   Code   RO          361    i.MX_DMA_Init       dma.o
    0x08002744   0x08002744   0x0000016c   Code   RO          241    i.MX_GPIO_Init      gpio.o
    0x080028b0   0x080028b0   0x00000048   Code   RO          390    i.MX_SPI1_Init      spi.o
    0x080028f8   0x080028f8   0x0000006c   Code   RO          435    i.MX_TIM10_Init     tim.o
    0x08002964   0x08002964   0x0000010c   Code   RO          436    i.MX_TIM1_Init      tim.o
    0x08002a70   0x08002a70   0x0000007c   Code   RO          437    i.MX_TIM8_Init      tim.o
    0x08002aec   0x08002aec   0x00000038   Code   RO          504    i.MX_USART1_UART_Init  usart.o
    0x08002b24   0x08002b24   0x00000004   Code   RO          660    i.MemManage_Handler  stm32f4xx_it.o
    0x08002b28   0x08002b28   0x00000002   Code   RO          661    i.NMI_Handler       stm32f4xx_it.o
    0x08002b2a   0x08002b2a   0x00000002   Code   RO          662    i.PendSV_Handler    stm32f4xx_it.o
    0x08002b2c   0x08002b2c   0x0000006c   Code   RO          868    i.SPI_EndRxTxTransaction  stm32f4xx_hal_spi.o
    0x08002b98   0x08002b98   0x000000a8   Code   RO          873    i.SPI_WaitFlagStateUntilTimeout  stm32f4xx_hal_spi.o
    0x08002c40   0x08002c40   0x00000008   Code   RO          663    i.SysTick_Handler   stm32f4xx_it.o
    0x08002c48   0x08002c48   0x000000b4   Code   RO           40    i.SystemClock_Config  main.o
    0x08002cfc   0x08002cfc   0x00000064   Code   RO          783    i.SystemInit        system_stm32f4xx.o
    0x08002d60   0x08002d60   0x00000010   Code   RO          664    i.TIM8_CC_IRQHandler  stm32f4xx_it.o
    0x08002d70   0x08002d70   0x000000d8   Code   RO         2413    i.TIM_Base_SetConfig  stm32f4xx_hal_tim.o
    0x08002e48   0x08002e48   0x00000022   Code   RO         2414    i.TIM_CCxChannelCmd  stm32f4xx_hal_tim.o
    0x08002e6a   0x08002e6a   0x00000016   Code   RO         2424    i.TIM_ETR_SetConfig  stm32f4xx_hal_tim.o
    0x08002e80   0x08002e80   0x00000012   Code   RO         2425    i.TIM_ITRx_SetConfig  stm32f4xx_hal_tim.o
    0x08002e92   0x08002e92   0x00000002   PAD
    0x08002e94   0x08002e94   0x00000070   Code   RO         2426    i.TIM_OC1_SetConfig  stm32f4xx_hal_tim.o
    0x08002f04   0x08002f04   0x0000007c   Code   RO         2427    i.TIM_OC2_SetConfig  stm32f4xx_hal_tim.o
    0x08002f80   0x08002f80   0x00000078   Code   RO         2428    i.TIM_OC3_SetConfig  stm32f4xx_hal_tim.o
    0x08002ff8   0x08002ff8   0x00000054   Code   RO         2429    i.TIM_OC4_SetConfig  stm32f4xx_hal_tim.o
    0x0800304c   0x0800304c   0x00000026   Code   RO         2431    i.TIM_TI1_ConfigInputStage  stm32f4xx_hal_tim.o
    0x08003072   0x08003072   0x00000002   PAD
    0x08003074   0x08003074   0x00000090   Code   RO         2432    i.TIM_TI1_SetConfig  stm32f4xx_hal_tim.o
    0x08003104   0x08003104   0x00000028   Code   RO         2433    i.TIM_TI2_ConfigInputStage  stm32f4xx_hal_tim.o
    0x0800312c   0x0800312c   0x0000003a   Code   RO         2434    i.TIM_TI2_SetConfig  stm32f4xx_hal_tim.o
    0x08003166   0x08003166   0x00000038   Code   RO         2435    i.TIM_TI3_SetConfig  stm32f4xx_hal_tim.o
    0x0800319e   0x0800319e   0x0000003c   Code   RO         2436    i.TIM_TI4_SetConfig  stm32f4xx_hal_tim.o
    0x080031da   0x080031da   0x00000014   Code   RO         3300    i.UART_DMAAbortOnError  stm32f4xx_hal_uart.o
    0x080031ee   0x080031ee   0x00000020   Code   RO         3310    i.UART_EndRxTransfer  stm32f4xx_hal_uart.o
    0x0800320e   0x0800320e   0x00000020   Code   RO         3311    i.UART_EndTransmit_IT  stm32f4xx_hal_uart.o
    0x0800322e   0x0800322e   0x000000a6   Code   RO         3313    i.UART_Receive_IT   stm32f4xx_hal_uart.o
    0x080032d4   0x080032d4   0x000003e8   Code   RO         3314    i.UART_SetConfig    stm32f4xx_hal_uart.o
    0x080036bc   0x080036bc   0x00000068   Code   RO         3315    i.UART_Transmit_IT  stm32f4xx_hal_uart.o
    0x08003724   0x08003724   0x0000006c   Code   RO         3316    i.UART_WaitOnFlagUntilTimeout  stm32f4xx_hal_uart.o
    0x08003790   0x08003790   0x00000010   Code   RO          665    i.USART1_IRQHandler  stm32f4xx_it.o
    0x080037a0   0x080037a0   0x00000004   Code   RO          666    i.UsageFault_Handler  stm32f4xx_it.o
    0x080037a4   0x080037a4   0x00000010   Code   RO         1943    i.__NVIC_GetPriorityGrouping  stm32f4xx_hal_cortex.o
    0x080037b4   0x080037b4   0x00000028   Code   RO         1944    i.__NVIC_SetPriority  stm32f4xx_hal_cortex.o
    0x080037dc   0x080037dc   0x00000004   Code   RO          505    i._sys_exit         usart.o
    0x080037e0   0x080037e0   0x00000128   Code   RO         3598    i.bmi088_accel_init  bmi088driver.o
    0x08003908   0x08003908   0x000000f4   Code   RO         3599    i.bmi088_gyro_init  bmi088driver.o
    0x080039fc   0x080039fc   0x0000001c   Code   RO          506    i.fputc             usart.o
    0x08003a18   0x08003a18   0x00000038   Code   RO         3841    i.getCrc8           mbotlinuxusart.o
    0x08003a50   0x08003a50   0x00000114   Code   RO           43    i.main              main.o
    0x08003b64   0x08003b64   0x000001f8   Code   RO         3842    i.usartReceiveOneData  mbotlinuxusart.o
    0x08003d5c   0x08003d5c   0x0000000a   Code   RO         4017    x$fpl$fpinit        fz_wm.l(fpinit.o)
    0x08003d66   0x08003d66   0x00000018   Data   RO          784    .constdata          system_stm32f4xx.o
    0x08003d7e   0x08003d7e   0x00000008   Data   RO         1660    .constdata          stm32f4xx_hal_dma.o
    0x08003d86   0x08003d86   0x00000004   Data   RO         3845    .constdata          mbotlinuxusart.o
    0x08003d8a   0x08003d8a   0x00000002   PAD
    0x08003d8c   0x08003d8c   0x00000020   Data   RO         4071    Region$$Table       anon$$obj.o


    Execution Region RW_IRAM1 (Exec base: 0x20000000, Load base: 0x08003dac, Size: 0x00004528, Max: 0x00020000, ABSOLUTE)

    Exec Addr    Load Addr    Size         Type   Attr      Idx    E Section Name        Object

    0x20000000   0x08003dac   0x0000007c   Data   RW           46    .data               main.o
    0x2000007c   0x08003e28   0x00000007   Data   RW          508    .data               usart.o
    0x20000083   0x08003e2f   0x00000001   PAD
    0x20000084   0x08003e30   0x00000004   Data   RW          785    .data               system_stm32f4xx.o
    0x20000088   0x08003e34   0x00000009   Data   RW         2092    .data               stm32f4xx_hal.o
    0x20000091   0x08003e3d   0x00000003   PAD
    0x20000094   0x08003e40   0x0000002c   Data   RW         3600    .data               bmi088driver.o
    0x200000c0   0x08003e6c   0x00000018   Data   RW         3846    .data               mbotlinuxusart.o
    0x200000d8        -       0x000000fc   Zero   RW           45    .bss                main.o
    0x200001d4        -       0x00000118   Zero   RW          391    .bss                spi.o
    0x200002ec        -       0x000000c0   Zero   RW          438    .bss                tim.o
    0x200003ac        -       0x00000108   Zero   RW          507    .bss                usart.o
    0x200004b4        -       0x00000010   Zero   RW         3844    .bss                mbotlinuxusart.o
    0x200004c4        -       0x00000060   Zero   RW         3949    .bss                c_w.l(libspace.o)
    0x20000524   0x08003e84   0x00000004   PAD
    0x20000528        -       0x00002000   Zero   RW            2    HEAP                startup_stm32f407xx.o
    0x20002528        -       0x00002000   Zero   RW            1    STACK               startup_stm32f407xx.o


==============================================================================

Image component sizes


      Code (inc. data)   RO Data    RW Data    ZI Data      Debug   Object Name

         0          0          0          0          0       4508   ano.o
      1030         20          0         44          0       7114   bmi088driver.o
       216         28          0          0          0       5040   bmi088middleware.o
        72          4          0          0          0        770   dma.o
       364         22          0          0          0     687863   gpio.o
       714         90          0        124        252     680891   main.o
       560         82          4         24         16       3386   mbotlinuxusart.o
       416         38          0          0        280       1927   spi.o
        64         26        392          0      16384        852   startup_stm32f407xx.o
       212         36          0          9          0       9461   stm32f4xx_hal.o
       304         22          0          0          0      34519   stm32f4xx_hal_cortex.o
       498         10          8          0          0       3466   stm32f4xx_hal_dma.o
       554         50          0          0          0       3568   stm32f4xx_hal_gpio.o
        72          4          0          0          0        850   stm32f4xx_hal_msp.o
      1800         84          0          0          0       5676   stm32f4xx_hal_rcc.o
       970          8          0          0          0       4553   stm32f4xx_hal_spi.o
      2750        120          0          0          0      22535   stm32f4xx_hal_tim.o
       300         30          0          0          0       3369   stm32f4xx_hal_tim_ex.o
      2136         12          0          0          0       9325   stm32f4xx_hal_uart.o
       122         28          0          0          0       6789   stm32f4xx_it.o
       100         18         24          4          0       1179   system_stm32f4xx.o
       988         78          0          0        192       4701   tim.o
       304         34          0          7        264     589990   usart.o

    ----------------------------------------------------------------------
     14572        844        462        216      17388    2092332   Object Totals
         0          0         32          0          0          0   (incl. Generated)
        26          0          2          4          0          0   (incl. Padding)

    ----------------------------------------------------------------------

      Code (inc. data)   RO Data    RW Data    ZI Data      Debug   Library Member Name

         8          0          0          0          0         68   __main.o
        40          0          0          0          0         84   __printf_nopercent.o
         0          0          0          0          0          0   __rtentry.o
        12          0          0          0          0          0   __rtentry2.o
         6          0          0          0          0          0   __rtentry4.o
        52          8          0          0          0          0   __scatter.o
        26          0          0          0          0          0   __scatter_copy.o
        28          0          0          0          0          0   __scatter_zi.o
        48          6          0          0          0         96   _printf_char_common.o
        36          4          0          0          0         80   _printf_char_file.o
        18          0          0          0          0         80   exit.o
         8          0          0          0          0         68   ferror.o
         6          0          0          0          0        152   heapauxi.o
         2          0          0          0          0          0   libinit.o
         6          0          0          0          0          0   libinit2.o
         2          0          0          0          0          0   libshutdown.o
         2          0          0          0          0          0   libshutdown2.o
         8          4          0          0         96         68   libspace.o
       238          0          0          0          0        100   lludivv7m.o
        24          4          0          0          0         84   noretval__2printf.o
        78          0          0          0          0         80   rt_memclr_w.o
         2          0          0          0          0          0   rtexit.o
        10          0          0          0          0          0   rtexit2.o
        74          0          0          0          0         80   sys_stackheap_outer.o
         2          0          0          0          0         68   use_no_semi.o
         2          0          0          0          0         68   use_no_semi_2.o
        10          0          0          0          0        116   fpinit.o

    ----------------------------------------------------------------------
       754         26          0          0        100       1292   Library Totals
         6          0          0          0          4          0   (incl. Padding)

    ----------------------------------------------------------------------

      Code (inc. data)   RO Data    RW Data    ZI Data      Debug   Library Name

       738         26          0          0         96       1176   c_w.l
        10          0          0          0          0        116   fz_wm.l

    ----------------------------------------------------------------------
       754         26          0          0        100       1292   Library Totals

    ----------------------------------------------------------------------

==============================================================================


      Code (inc. data)   RO Data    RW Data    ZI Data      Debug   

     15326        870        462        216      17488    2081204   Grand Totals
     15326        870        462        216      17488    2081204   ELF Image Totals
     15326        870        462        216          0          0   ROM Totals

==============================================================================

    Total RO  Size (Code + RO Data)                15788 (  15.42kB)
    Total RW  Size (RW Data + ZI Data)             17704 (  17.29kB)
    Total ROM Size (Code + RO Data + RW Data)      16004 (  15.63kB)

==============================================================================

