<html>
<body>
<pre>
<h1>µVision Build Log</h1>
<h2>Tool Versions:</h2>
IDE-Version: µVision V5.31.0.0
Copyright (C) 2020 ARM Ltd and ARM Germany GmbH. All rights reserved.
License Information: jeff wang, 121, LIC=----
 
Tool Versions:
Toolchain:       MDK-Lite  Version: 5.31.0.0
Toolchain Path:  C:\Keil_v5\ARM\ARMCC\Bin
C Compiler:      Armcc.exe V5.06 update 6 (build 750)
Assembler:       Armasm.exe V5.06 update 6 (build 750)
Linker/Locator:  ArmLink.exe V5.06 update 6 (build 750)
Library Manager: ArmAr.exe V5.06 update 6 (build 750)
Hex Converter:   FromElf.exe V5.06 update 6 (build 750)
CPU DLL:         SARMCM3.DLL V5.31.0.0
Dialog DLL:      DCM.DLL V1.17.3.0
Target DLL:      STLink\ST-LINKIII-KEIL_SWO.dll V3.0.7.0
Dialog DLL:      TCM.DLL V1.46.0.0
 
<h2>Project:</h2>
C:\Users\Yan Shi\Documents\Highpid\v1.7_at_the_edge_of_despair\MDK-ARM\servo_motor.uvprojx
Project File Date:  09/03/2020

<h2>Output:</h2>
*** Using Compiler 'V5.06 update 6 (build 750)', folder: 'C:\Keil_v5\ARM\ARMCC\Bin'
Build target 'servo_motor'
compiling main.c...
../Src/main.c(190): warning:  #167-D: argument of type "char *" is incompatible with parameter of type "uint8_t *"
  		HAL_UART_Transmit(&huart1, str, 12, 100);
../Src/main.c(124): warning:  #177-D: variable "temp"  was declared but never referenced
  	int temp=0;
../Src/main.c(125): warning:  #177-D: variable "RPM_now"  was declared but never referenced
  	double RPM_now=0;
../Src/main.c(126): warning:  #177-D: variable "pwm_out"  was declared but never referenced
  	double pwm_out;
../Src/main.c(127): warning:  #177-D: variable "motor_out"  was declared but never referenced
  	double motor_out= 1500;
../Src/main.c(128): warning:  #177-D: variable "kp"  was declared but never referenced
  	double kp=30;
../Src/main.c(129): warning:  #177-D: variable "ki"  was declared but never referenced
  	double ki=0.1;
../Src/main.c(130): warning:  #177-D: variable "kd"  was declared but never referenced
  	double kd=0.1;
../Src/main.c: 8 warnings, 0 errors
linking...
Program Size: Code=15772 RO-data=624 RW-data=92 ZI-data=16676  
FromELF: creating hex file...
"servo_motor\servo_motor.axf" - 0 Error(s), 8 Warning(s).

<h2>Software Packages used:</h2>

Package Vendor: ARM
                http://www.keil.com/pack/ARM.CMSIS.5.7.0.pack
                ARM.CMSIS.5.7.0
                CMSIS (Cortex Microcontroller Software Interface Standard)
   * Component: CORE Version: 5.4.0

Package Vendor: Keil
                http://www.keil.com/pack/Keil.STM32F4xx_DFP.2.14.0.pack
                Keil.STM32F4xx_DFP.2.14.0
                STMicroelectronics STM32F4 Series Device Support, Drivers and Examples

<h2>Collection of Component include folders:</h2>
  .\RTE\_servo_motor
  C:\Users\Yan Shi\AppData\Local\Arm\Packs\ARM\CMSIS\5.7.0\CMSIS\Core\Include
  C:\Users\Yan Shi\AppData\Local\Arm\Packs\Keil\STM32F4xx_DFP\2.14.0\Drivers\CMSIS\Device\ST\STM32F4xx\Include

<h2>Collection of Component Files used:</h2>

   * Component: ARM::CMSIS:CORE:5.4.0
Build Time Elapsed:  00:00:03
</pre>
</body>
</html>
